---
source: crates/sidex-syntax/src/tokens.rs
expression: result
---
Some(
    [
        Token {
            kind: Doc {
                doc: " Identifiers used across the application.",
                kind: Inline,
            },
            span: Span(
                Span {
                    src: SourceIdx(
                        0,
                    ),
                    start: 0,
                    end: 45,
                },
            ),
        },
        Token {
            kind: Doc {
                doc: " An *universally unique identifier* (UUID).",
                kind: Preceding,
            },
            span: Span(
                Span {
                    src: SourceIdx(
                        0,
                    ),
                    start: 46,
                    end: 93,
                },
            ),
        },
        Token {
            kind: Punctuation(
                PunctuationSymbol {
                    kind: Hash,
                    is_composed: false,
                },
            ),
            span: Span(
                Span {
                    src: SourceIdx(
                        0,
                    ),
                    start: 93,
                    end: 94,
                },
            ),
        },
        Token {
            kind: Delimiter(
                Open(
                    Bracket,
                ),
            ),
            span: Span(
                Span {
                    src: SourceIdx(
                        0,
                    ),
                    start: 94,
                    end: 95,
                },
            ),
        },
        Token {
            kind: Identifier(
                "rust",
            ),
            span: Span(
                Span {
                    src: SourceIdx(
                        0,
                    ),
                    start: 95,
                    end: 99,
                },
            ),
        },
        Token {
            kind: Delimiter(
                Open(
                    Parenthesis,
                ),
            ),
            span: Span(
                Span {
                    src: SourceIdx(
                        0,
                    ),
                    start: 99,
                    end: 100,
                },
            ),
        },
        Token {
            kind: Identifier(
                "type",
            ),
            span: Span(
                Span {
                    src: SourceIdx(
                        0,
                    ),
                    start: 100,
                    end: 104,
                },
            ),
        },
        Token {
            kind: Punctuation(
                PunctuationSymbol {
                    kind: Equals,
                    is_composed: false,
                },
            ),
            span: Span(
                Span {
                    src: SourceIdx(
                        0,
                    ),
                    start: 105,
                    end: 106,
                },
            ),
        },
        Token {
            kind: Literal(
                String(
                    "::uuid::Uuid",
                ),
            ),
            span: Span(
                Span {
                    src: SourceIdx(
                        0,
                    ),
                    start: 107,
                    end: 121,
                },
            ),
        },
        Token {
            kind: Delimiter(
                Close(
                    Parenthesis,
                ),
            ),
            span: Span(
                Span {
                    src: SourceIdx(
                        0,
                    ),
                    start: 121,
                    end: 122,
                },
            ),
        },
        Token {
            kind: Delimiter(
                Close(
                    Bracket,
                ),
            ),
            span: Span(
                Span {
                    src: SourceIdx(
                        0,
                    ),
                    start: 122,
                    end: 123,
                },
            ),
        },
        Token {
            kind: Punctuation(
                PunctuationSymbol {
                    kind: Hash,
                    is_composed: false,
                },
            ),
            span: Span(
                Span {
                    src: SourceIdx(
                        0,
                    ),
                    start: 124,
                    end: 125,
                },
            ),
        },
        Token {
            kind: Delimiter(
                Open(
                    Bracket,
                ),
            ),
            span: Span(
                Span {
                    src: SourceIdx(
                        0,
                    ),
                    start: 125,
                    end: 126,
                },
            ),
        },
        Token {
            kind: Identifier(
                "json",
            ),
            span: Span(
                Span {
                    src: SourceIdx(
                        0,
                    ),
                    start: 126,
                    end: 130,
                },
            ),
        },
        Token {
            kind: Delimiter(
                Open(
                    Parenthesis,
                ),
            ),
            span: Span(
                Span {
                    src: SourceIdx(
                        0,
                    ),
                    start: 130,
                    end: 131,
                },
            ),
        },
        Token {
            kind: Identifier(
                "type",
            ),
            span: Span(
                Span {
                    src: SourceIdx(
                        0,
                    ),
                    start: 131,
                    end: 135,
                },
            ),
        },
        Token {
            kind: Punctuation(
                PunctuationSymbol {
                    kind: Equals,
                    is_composed: false,
                },
            ),
            span: Span(
                Span {
                    src: SourceIdx(
                        0,
                    ),
                    start: 136,
                    end: 137,
                },
            ),
        },
        Token {
            kind: Literal(
                String(
                    "string",
                ),
            ),
            span: Span(
                Span {
                    src: SourceIdx(
                        0,
                    ),
                    start: 138,
                    end: 146,
                },
            ),
        },
        Token {
            kind: Delimiter(
                Close(
                    Parenthesis,
                ),
            ),
            span: Span(
                Span {
                    src: SourceIdx(
                        0,
                    ),
                    start: 146,
                    end: 147,
                },
            ),
        },
        Token {
            kind: Delimiter(
                Close(
                    Bracket,
                ),
            ),
            span: Span(
                Span {
                    src: SourceIdx(
                        0,
                    ),
                    start: 147,
                    end: 148,
                },
            ),
        },
        Token {
            kind: Keyword(
                OPAQUE,
            ),
            span: Span(
                Span {
                    src: SourceIdx(
                        0,
                    ),
                    start: 149,
                    end: 155,
                },
            ),
        },
        Token {
            kind: Identifier(
                "Uuid",
            ),
            span: Span(
                Span {
                    src: SourceIdx(
                        0,
                    ),
                    start: 156,
                    end: 160,
                },
            ),
        },
        Token {
            kind: Comment {
                comment: " This is an opaque user-defined type.",
                kind: Line,
            },
            span: Span(
                Span {
                    src: SourceIdx(
                        0,
                    ),
                    start: 162,
                    end: 202,
                },
            ),
        },
        Token {
            kind: Doc {
                doc: " An unique identifier for a person.",
                kind: Preceding,
            },
            span: Span(
                Span {
                    src: SourceIdx(
                        0,
                    ),
                    start: 203,
                    end: 242,
                },
            ),
        },
        Token {
            kind: Keyword(
                WRAPPER,
            ),
            span: Span(
                Span {
                    src: SourceIdx(
                        0,
                    ),
                    start: 242,
                    end: 249,
                },
            ),
        },
        Token {
            kind: Identifier(
                "PersonId",
            ),
            span: Span(
                Span {
                    src: SourceIdx(
                        0,
                    ),
                    start: 250,
                    end: 258,
                },
            ),
        },
        Token {
            kind: Punctuation(
                PunctuationSymbol {
                    kind: Colon,
                    is_composed: false,
                },
            ),
            span: Span(
                Span {
                    src: SourceIdx(
                        0,
                    ),
                    start: 258,
                    end: 259,
                },
            ),
        },
        Token {
            kind: Identifier(
                "Uuid",
            ),
            span: Span(
                Span {
                    src: SourceIdx(
                        0,
                    ),
                    start: 260,
                    end: 264,
                },
            ),
        },
        Token {
            kind: Comment {
                comment: " This is a wrapper type.",
                kind: Line,
            },
            span: Span(
                Span {
                    src: SourceIdx(
                        0,
                    ),
                    start: 266,
                    end: 293,
                },
            ),
        },
        Token {
            kind: Doc {
                doc: " A unique identifier for a task.",
                kind: Preceding,
            },
            span: Span(
                Span {
                    src: SourceIdx(
                        0,
                    ),
                    start: 294,
                    end: 330,
                },
            ),
        },
        Token {
            kind: Keyword(
                WRAPPER,
            ),
            span: Span(
                Span {
                    src: SourceIdx(
                        0,
                    ),
                    start: 330,
                    end: 337,
                },
            ),
        },
        Token {
            kind: Identifier(
                "TaskId",
            ),
            span: Span(
                Span {
                    src: SourceIdx(
                        0,
                    ),
                    start: 338,
                    end: 344,
                },
            ),
        },
        Token {
            kind: Punctuation(
                PunctuationSymbol {
                    kind: Colon,
                    is_composed: false,
                },
            ),
            span: Span(
                Span {
                    src: SourceIdx(
                        0,
                    ),
                    start: 344,
                    end: 345,
                },
            ),
        },
        Token {
            kind: Identifier(
                "Uuid",
            ),
            span: Span(
                Span {
                    src: SourceIdx(
                        0,
                    ),
                    start: 346,
                    end: 350,
                },
            ),
        },
    ],
)
