---
source: crates/sidex-syntax/src/parser.rs
expression: result
---
Some(
    Schema {
        attrs: [],
        docs: Docs(
            [
                Node {
                    inner: " Data structures for tasks.",
                    span: Span(
                        Span {
                            src: SourceIdx(
                                0,
                            ),
                            start: 0,
                            end: 31,
                        },
                    ),
                },
            ],
        ),
        items: [
            Import(
                Import {
                    tree: Path(
                        Path {
                            segments: [
                                Identifier(
                                    Node {
                                        inner: "ids",
                                        span: Span(
                                            Span {
                                                src: SourceIdx(
                                                    0,
                                                ),
                                                start: 39,
                                                end: 42,
                                            },
                                        ),
                                    },
                                ),
                                Identifier(
                                    Node {
                                        inner: "PersonId",
                                        span: Span(
                                            Span {
                                                src: SourceIdx(
                                                    0,
                                                ),
                                                start: 44,
                                                end: 52,
                                            },
                                        ),
                                    },
                                ),
                            ],
                            is_absolute: false,
                        },
                    ),
                },
            ),
            Def(
                Def {
                    name: Identifier(
                        Node {
                            inner: "Status",
                            span: Span(
                                Span {
                                    src: SourceIdx(
                                        0,
                                    ),
                                    start: 111,
                                    end: 117,
                                },
                            ),
                        },
                    ),
                    docs: Docs(
                        [
                            Node {
                                inner: " The status of a task.",
                                span: Span(
                                    Span {
                                        src: SourceIdx(
                                            0,
                                        ),
                                        start: 54,
                                        end: 80,
                                    },
                                ),
                            },
                        ],
                    ),
                    vars: [],
                    attrs: [
                        Attr {
                            kind: List(
                                AttrList {
                                    path: Path {
                                        segments: [
                                            Identifier(
                                                Node {
                                                    inner: "json",
                                                    span: Span(
                                                        Span {
                                                            src: SourceIdx(
                                                                0,
                                                            ),
                                                            start: 82,
                                                            end: 86,
                                                        },
                                                    ),
                                                },
                                            ),
                                        ],
                                        is_absolute: false,
                                    },
                                    elements: [
                                        Attr {
                                            kind: List(
                                                AttrList {
                                                    path: Path {
                                                        segments: [
                                                            Identifier(
                                                                Node {
                                                                    inner: "tagged",
                                                                    span: Span(
                                                                        Span {
                                                                            src: SourceIdx(
                                                                                0,
                                                                            ),
                                                                            start: 87,
                                                                            end: 93,
                                                                        },
                                                                    ),
                                                                },
                                                            ),
                                                        ],
                                                        is_absolute: false,
                                                    },
                                                    elements: [
                                                        Attr {
                                                            kind: Path(
                                                                Path {
                                                                    segments: [
                                                                        Identifier(
                                                                            Node {
                                                                                inner: "plain",
                                                                                span: Span(
                                                                                    Span {
                                                                                        src: SourceIdx(
                                                                                            0,
                                                                                        ),
                                                                                        start: 94,
                                                                                        end: 99,
                                                                                    },
                                                                                ),
                                                                            },
                                                                        ),
                                                                    ],
                                                                    is_absolute: false,
                                                                },
                                                            ),
                                                        },
                                                    ],
                                                },
                                            ),
                                        },
                                    ],
                                },
                            ),
                        },
                    ],
                    kind: VariantType(
                        VariantTypeDef {
                            variants: [
                                Variant {
                                    name: Identifier(
                                        Node {
                                            inner: "Pending",
                                            span: Span(
                                                Span {
                                                    src: SourceIdx(
                                                        0,
                                                    ),
                                                    start: 159,
                                                    end: 166,
                                                },
                                            ),
                                        },
                                    ),
                                    docs: Docs(
                                        [
                                            Node {
                                                inner: " The task is still pending.",
                                                span: Span(
                                                    Span {
                                                        src: SourceIdx(
                                                            0,
                                                        ),
                                                        start: 124,
                                                        end: 155,
                                                    },
                                                ),
                                            },
                                        ],
                                    ),
                                    attrs: [],
                                    typ: None,
                                },
                                Variant {
                                    name: Identifier(
                                        Node {
                                            inner: "InProgress",
                                            span: Span(
                                                Span {
                                                    src: SourceIdx(
                                                        0,
                                                    ),
                                                    start: 215,
                                                    end: 225,
                                                },
                                            ),
                                        },
                                    ),
                                    docs: Docs(
                                        [
                                            Node {
                                                inner: " The task is currently in progress.",
                                                span: Span(
                                                    Span {
                                                        src: SourceIdx(
                                                            0,
                                                        ),
                                                        start: 172,
                                                        end: 211,
                                                    },
                                                ),
                                            },
                                        ],
                                    ),
                                    attrs: [],
                                    typ: None,
                                },
                                Variant {
                                    name: Identifier(
                                        Node {
                                            inner: "Done",
                                            span: Span(
                                                Span {
                                                    src: SourceIdx(
                                                        0,
                                                    ),
                                                    start: 268,
                                                    end: 272,
                                                },
                                            ),
                                        },
                                    ),
                                    docs: Docs(
                                        [
                                            Node {
                                                inner: " The task has been completed.",
                                                span: Span(
                                                    Span {
                                                        src: SourceIdx(
                                                            0,
                                                        ),
                                                        start: 231,
                                                        end: 264,
                                                    },
                                                ),
                                            },
                                        ],
                                    ),
                                    attrs: [],
                                    typ: None,
                                },
                            ],
                        },
                    ),
                },
            ),
            Def(
                Def {
                    name: Identifier(
                        Node {
                            inner: "Task",
                            span: Span(
                                Span {
                                    src: SourceIdx(
                                        0,
                                    ),
                                    start: 296,
                                    end: 300,
                                },
                            ),
                        },
                    ),
                    docs: Docs(
                        [
                            Node {
                                inner: " A task.",
                                span: Span(
                                    Span {
                                        src: SourceIdx(
                                            0,
                                        ),
                                        start: 277,
                                        end: 289,
                                    },
                                ),
                            },
                        ],
                    ),
                    vars: [],
                    attrs: [],
                    kind: RecordType(
                        RecordTypeDef {
                            fields: [
                                Field {
                                    name: Identifier(
                                        Node {
                                            inner: "name",
                                            span: Span(
                                                Span {
                                                    src: SourceIdx(
                                                        0,
                                                    ),
                                                    start: 337,
                                                    end: 341,
                                                },
                                            ),
                                        },
                                    ),
                                    docs: Docs(
                                        [
                                            Node {
                                                inner: " The name of the task.",
                                                span: Span(
                                                    Span {
                                                        src: SourceIdx(
                                                            0,
                                                        ),
                                                        start: 307,
                                                        end: 333,
                                                    },
                                                ),
                                            },
                                        ],
                                    ),
                                    attrs: [],
                                    typ: Instance(
                                        InstanceTypeExpr {
                                            path: Path {
                                                segments: [
                                                    Identifier(
                                                        Node {
                                                            inner: "string",
                                                            span: Span(
                                                                Span {
                                                                    src: SourceIdx(
                                                                        0,
                                                                    ),
                                                                    start: 343,
                                                                    end: 349,
                                                                },
                                                            ),
                                                        },
                                                    ),
                                                ],
                                                is_absolute: false,
                                            },
                                            subst: [],
                                        },
                                    ),
                                    is_optional: false,
                                },
                                Field {
                                    name: Identifier(
                                        Node {
                                            inner: "status",
                                            span: Span(
                                                Span {
                                                    src: SourceIdx(
                                                        0,
                                                    ),
                                                    start: 387,
                                                    end: 393,
                                                },
                                            ),
                                        },
                                    ),
                                    docs: Docs(
                                        [
                                            Node {
                                                inner: " The status of the task.",
                                                span: Span(
                                                    Span {
                                                        src: SourceIdx(
                                                            0,
                                                        ),
                                                        start: 355,
                                                        end: 383,
                                                    },
                                                ),
                                            },
                                        ],
                                    ),
                                    attrs: [],
                                    typ: Instance(
                                        InstanceTypeExpr {
                                            path: Path {
                                                segments: [
                                                    Identifier(
                                                        Node {
                                                            inner: "Status",
                                                            span: Span(
                                                                Span {
                                                                    src: SourceIdx(
                                                                        0,
                                                                    ),
                                                                    start: 395,
                                                                    end: 401,
                                                                },
                                                            ),
                                                        },
                                                    ),
                                                ],
                                                is_absolute: false,
                                            },
                                            subst: [],
                                        },
                                    ),
                                    is_optional: false,
                                },
                                Field {
                                    name: Identifier(
                                        Node {
                                            inner: "description",
                                            span: Span(
                                                Span {
                                                    src: SourceIdx(
                                                        0,
                                                    ),
                                                    start: 452,
                                                    end: 463,
                                                },
                                            ),
                                        },
                                    ),
                                    docs: Docs(
                                        [
                                            Node {
                                                inner: " An optional description of the task.",
                                                span: Span(
                                                    Span {
                                                        src: SourceIdx(
                                                            0,
                                                        ),
                                                        start: 407,
                                                        end: 448,
                                                    },
                                                ),
                                            },
                                        ],
                                    ),
                                    attrs: [],
                                    typ: Instance(
                                        InstanceTypeExpr {
                                            path: Path {
                                                segments: [
                                                    Identifier(
                                                        Node {
                                                            inner: "string",
                                                            span: Span(
                                                                Span {
                                                                    src: SourceIdx(
                                                                        0,
                                                                    ),
                                                                    start: 466,
                                                                    end: 472,
                                                                },
                                                            ),
                                                        },
                                                    ),
                                                ],
                                                is_absolute: false,
                                            },
                                            subst: [],
                                        },
                                    ),
                                    is_optional: true,
                                },
                                Field {
                                    name: Identifier(
                                        Node {
                                            inner: "assigned_to",
                                            span: Span(
                                                Span {
                                                    src: SourceIdx(
                                                        0,
                                                    ),
                                                    start: 531,
                                                    end: 542,
                                                },
                                            ),
                                        },
                                    ),
                                    docs: Docs(
                                        [
                                            Node {
                                                inner: " An optional person assigned to the task.",
                                                span: Span(
                                                    Span {
                                                        src: SourceIdx(
                                                            0,
                                                        ),
                                                        start: 482,
                                                        end: 527,
                                                    },
                                                ),
                                            },
                                        ],
                                    ),
                                    attrs: [],
                                    typ: Instance(
                                        InstanceTypeExpr {
                                            path: Path {
                                                segments: [
                                                    Identifier(
                                                        Node {
                                                            inner: "PersonId",
                                                            span: Span(
                                                                Span {
                                                                    src: SourceIdx(
                                                                        0,
                                                                    ),
                                                                    start: 545,
                                                                    end: 553,
                                                                },
                                                            ),
                                                        },
                                                    ),
                                                ],
                                                is_absolute: false,
                                            },
                                            subst: [],
                                        },
                                    ),
                                    is_optional: true,
                                },
                            ],
                        },
                    ),
                },
            ),
        ],
    },
)
