---
source: crates/sidex-syntax/src/tokens.rs
expression: result
---
Some(
    [
        Token {
            kind: Doc {
                doc: " Data structures for persons.",
                kind: Inline,
            },
            span: Span(
                Span {
                    src: SourceIdx(
                        0,
                    ),
                    start: 0,
                    end: 33,
                },
            ),
        },
        Token {
            kind: Keyword(
                IMPORT,
            ),
            span: Span(
                Span {
                    src: SourceIdx(
                        0,
                    ),
                    start: 34,
                    end: 40,
                },
            ),
        },
        Token {
            kind: Identifier(
                "ids",
            ),
            span: Span(
                Span {
                    src: SourceIdx(
                        0,
                    ),
                    start: 41,
                    end: 44,
                },
            ),
        },
        Token {
            kind: Doc {
                doc: " A *role* of a person.",
                kind: Preceding,
            },
            span: Span(
                Span {
                    src: SourceIdx(
                        0,
                    ),
                    start: 46,
                    end: 72,
                },
            ),
        },
        Token {
            kind: Keyword(
                VARIANT,
            ),
            span: Span(
                Span {
                    src: SourceIdx(
                        0,
                    ),
                    start: 72,
                    end: 79,
                },
            ),
        },
        Token {
            kind: Identifier(
                "Role",
            ),
            span: Span(
                Span {
                    src: SourceIdx(
                        0,
                    ),
                    start: 80,
                    end: 84,
                },
            ),
        },
        Token {
            kind: Delimiter(
                Open(
                    Brace,
                ),
            ),
            span: Span(
                Span {
                    src: SourceIdx(
                        0,
                    ),
                    start: 85,
                    end: 86,
                },
            ),
        },
        Token {
            kind: Doc {
                doc: " The person is an administrator.",
                kind: Preceding,
            },
            span: Span(
                Span {
                    src: SourceIdx(
                        0,
                    ),
                    start: 91,
                    end: 127,
                },
            ),
        },
        Token {
            kind: Identifier(
                "Admin",
            ),
            span: Span(
                Span {
                    src: SourceIdx(
                        0,
                    ),
                    start: 131,
                    end: 136,
                },
            ),
        },
        Token {
            kind: Punctuation(
                PunctuationSymbol {
                    kind: Comma,
                    is_composed: false,
                },
            ),
            span: Span(
                Span {
                    src: SourceIdx(
                        0,
                    ),
                    start: 136,
                    end: 137,
                },
            ),
        },
        Token {
            kind: Doc {
                doc: " The person is an user.",
                kind: Preceding,
            },
            span: Span(
                Span {
                    src: SourceIdx(
                        0,
                    ),
                    start: 142,
                    end: 169,
                },
            ),
        },
        Token {
            kind: Identifier(
                "User",
            ),
            span: Span(
                Span {
                    src: SourceIdx(
                        0,
                    ),
                    start: 173,
                    end: 177,
                },
            ),
        },
        Token {
            kind: Punctuation(
                PunctuationSymbol {
                    kind: Comma,
                    is_composed: false,
                },
            ),
            span: Span(
                Span {
                    src: SourceIdx(
                        0,
                    ),
                    start: 177,
                    end: 178,
                },
            ),
        },
        Token {
            kind: Delimiter(
                Close(
                    Brace,
                ),
            ),
            span: Span(
                Span {
                    src: SourceIdx(
                        0,
                    ),
                    start: 179,
                    end: 180,
                },
            ),
        },
        Token {
            kind: Doc {
                doc: " A person.",
                kind: Preceding,
            },
            span: Span(
                Span {
                    src: SourceIdx(
                        0,
                    ),
                    start: 182,
                    end: 196,
                },
            ),
        },
        Token {
            kind: Keyword(
                RECORD,
            ),
            span: Span(
                Span {
                    src: SourceIdx(
                        0,
                    ),
                    start: 196,
                    end: 202,
                },
            ),
        },
        Token {
            kind: Identifier(
                "Person",
            ),
            span: Span(
                Span {
                    src: SourceIdx(
                        0,
                    ),
                    start: 203,
                    end: 209,
                },
            ),
        },
        Token {
            kind: Delimiter(
                Open(
                    Brace,
                ),
            ),
            span: Span(
                Span {
                    src: SourceIdx(
                        0,
                    ),
                    start: 210,
                    end: 211,
                },
            ),
        },
        Token {
            kind: Doc {
                doc: " The unique id of the person.",
                kind: Preceding,
            },
            span: Span(
                Span {
                    src: SourceIdx(
                        0,
                    ),
                    start: 216,
                    end: 249,
                },
            ),
        },
        Token {
            kind: Identifier(
                "id",
            ),
            span: Span(
                Span {
                    src: SourceIdx(
                        0,
                    ),
                    start: 253,
                    end: 255,
                },
            ),
        },
        Token {
            kind: Punctuation(
                PunctuationSymbol {
                    kind: Colon,
                    is_composed: false,
                },
            ),
            span: Span(
                Span {
                    src: SourceIdx(
                        0,
                    ),
                    start: 255,
                    end: 256,
                },
            ),
        },
        Token {
            kind: Identifier(
                "ids",
            ),
            span: Span(
                Span {
                    src: SourceIdx(
                        0,
                    ),
                    start: 257,
                    end: 260,
                },
            ),
        },
        Token {
            kind: Punctuation(
                PunctuationSymbol {
                    kind: Colon,
                    is_composed: true,
                },
            ),
            span: Span(
                Span {
                    src: SourceIdx(
                        0,
                    ),
                    start: 260,
                    end: 261,
                },
            ),
        },
        Token {
            kind: Punctuation(
                PunctuationSymbol {
                    kind: Colon,
                    is_composed: false,
                },
            ),
            span: Span(
                Span {
                    src: SourceIdx(
                        0,
                    ),
                    start: 261,
                    end: 262,
                },
            ),
        },
        Token {
            kind: Identifier(
                "PersonId",
            ),
            span: Span(
                Span {
                    src: SourceIdx(
                        0,
                    ),
                    start: 262,
                    end: 270,
                },
            ),
        },
        Token {
            kind: Punctuation(
                PunctuationSymbol {
                    kind: Comma,
                    is_composed: false,
                },
            ),
            span: Span(
                Span {
                    src: SourceIdx(
                        0,
                    ),
                    start: 270,
                    end: 271,
                },
            ),
        },
        Token {
            kind: Doc {
                doc: " The full name of the person.",
                kind: Preceding,
            },
            span: Span(
                Span {
                    src: SourceIdx(
                        0,
                    ),
                    start: 276,
                    end: 309,
                },
            ),
        },
        Token {
            kind: Identifier(
                "name",
            ),
            span: Span(
                Span {
                    src: SourceIdx(
                        0,
                    ),
                    start: 313,
                    end: 317,
                },
            ),
        },
        Token {
            kind: Punctuation(
                PunctuationSymbol {
                    kind: Colon,
                    is_composed: false,
                },
            ),
            span: Span(
                Span {
                    src: SourceIdx(
                        0,
                    ),
                    start: 317,
                    end: 318,
                },
            ),
        },
        Token {
            kind: Identifier(
                "string",
            ),
            span: Span(
                Span {
                    src: SourceIdx(
                        0,
                    ),
                    start: 319,
                    end: 325,
                },
            ),
        },
        Token {
            kind: Punctuation(
                PunctuationSymbol {
                    kind: Comma,
                    is_composed: false,
                },
            ),
            span: Span(
                Span {
                    src: SourceIdx(
                        0,
                    ),
                    start: 325,
                    end: 326,
                },
            ),
        },
        Token {
            kind: Doc {
                doc: " An optional e-mail address of the person.",
                kind: Preceding,
            },
            span: Span(
                Span {
                    src: SourceIdx(
                        0,
                    ),
                    start: 331,
                    end: 377,
                },
            ),
        },
        Token {
            kind: Identifier(
                "email",
            ),
            span: Span(
                Span {
                    src: SourceIdx(
                        0,
                    ),
                    start: 381,
                    end: 386,
                },
            ),
        },
        Token {
            kind: Punctuation(
                PunctuationSymbol {
                    kind: QuestionMark,
                    is_composed: true,
                },
            ),
            span: Span(
                Span {
                    src: SourceIdx(
                        0,
                    ),
                    start: 386,
                    end: 387,
                },
            ),
        },
        Token {
            kind: Punctuation(
                PunctuationSymbol {
                    kind: Colon,
                    is_composed: false,
                },
            ),
            span: Span(
                Span {
                    src: SourceIdx(
                        0,
                    ),
                    start: 387,
                    end: 388,
                },
            ),
        },
        Token {
            kind: Identifier(
                "string",
            ),
            span: Span(
                Span {
                    src: SourceIdx(
                        0,
                    ),
                    start: 389,
                    end: 395,
                },
            ),
        },
        Token {
            kind: Punctuation(
                PunctuationSymbol {
                    kind: Comma,
                    is_composed: false,
                },
            ),
            span: Span(
                Span {
                    src: SourceIdx(
                        0,
                    ),
                    start: 395,
                    end: 396,
                },
            ),
        },
        Token {
            kind: Comment {
                comment: " This field is optional.",
                kind: Line,
            },
            span: Span(
                Span {
                    src: SourceIdx(
                        0,
                    ),
                    start: 398,
                    end: 425,
                },
            ),
        },
        Token {
            kind: Doc {
                doc: " The role of the person.",
                kind: Preceding,
            },
            span: Span(
                Span {
                    src: SourceIdx(
                        0,
                    ),
                    start: 429,
                    end: 457,
                },
            ),
        },
        Token {
            kind: Punctuation(
                PunctuationSymbol {
                    kind: Hash,
                    is_composed: false,
                },
            ),
            span: Span(
                Span {
                    src: SourceIdx(
                        0,
                    ),
                    start: 461,
                    end: 462,
                },
            ),
        },
        Token {
            kind: Delimiter(
                Open(
                    Bracket,
                ),
            ),
            span: Span(
                Span {
                    src: SourceIdx(
                        0,
                    ),
                    start: 462,
                    end: 463,
                },
            ),
        },
        Token {
            kind: Identifier(
                "json",
            ),
            span: Span(
                Span {
                    src: SourceIdx(
                        0,
                    ),
                    start: 463,
                    end: 467,
                },
            ),
        },
        Token {
            kind: Delimiter(
                Open(
                    Parenthesis,
                ),
            ),
            span: Span(
                Span {
                    src: SourceIdx(
                        0,
                    ),
                    start: 467,
                    end: 468,
                },
            ),
        },
        Token {
            kind: Identifier(
                "name",
            ),
            span: Span(
                Span {
                    src: SourceIdx(
                        0,
                    ),
                    start: 468,
                    end: 472,
                },
            ),
        },
        Token {
            kind: Punctuation(
                PunctuationSymbol {
                    kind: Equals,
                    is_composed: false,
                },
            ),
            span: Span(
                Span {
                    src: SourceIdx(
                        0,
                    ),
                    start: 473,
                    end: 474,
                },
            ),
        },
        Token {
            kind: Literal(
                String(
                    "level",
                ),
            ),
            span: Span(
                Span {
                    src: SourceIdx(
                        0,
                    ),
                    start: 475,
                    end: 482,
                },
            ),
        },
        Token {
            kind: Delimiter(
                Close(
                    Parenthesis,
                ),
            ),
            span: Span(
                Span {
                    src: SourceIdx(
                        0,
                    ),
                    start: 482,
                    end: 483,
                },
            ),
        },
        Token {
            kind: Delimiter(
                Close(
                    Bracket,
                ),
            ),
            span: Span(
                Span {
                    src: SourceIdx(
                        0,
                    ),
                    start: 483,
                    end: 484,
                },
            ),
        },
        Token {
            kind: Identifier(
                "role",
            ),
            span: Span(
                Span {
                    src: SourceIdx(
                        0,
                    ),
                    start: 489,
                    end: 493,
                },
            ),
        },
        Token {
            kind: Punctuation(
                PunctuationSymbol {
                    kind: Colon,
                    is_composed: false,
                },
            ),
            span: Span(
                Span {
                    src: SourceIdx(
                        0,
                    ),
                    start: 493,
                    end: 494,
                },
            ),
        },
        Token {
            kind: Identifier(
                "Role",
            ),
            span: Span(
                Span {
                    src: SourceIdx(
                        0,
                    ),
                    start: 495,
                    end: 499,
                },
            ),
        },
        Token {
            kind: Punctuation(
                PunctuationSymbol {
                    kind: Comma,
                    is_composed: false,
                },
            ),
            span: Span(
                Span {
                    src: SourceIdx(
                        0,
                    ),
                    start: 499,
                    end: 500,
                },
            ),
        },
        Token {
            kind: Doc {
                doc: " Unique identifiers of the person's friends.",
                kind: Preceding,
            },
            span: Span(
                Span {
                    src: SourceIdx(
                        0,
                    ),
                    start: 505,
                    end: 553,
                },
            ),
        },
        Token {
            kind: Identifier(
                "friends",
            ),
            span: Span(
                Span {
                    src: SourceIdx(
                        0,
                    ),
                    start: 557,
                    end: 564,
                },
            ),
        },
        Token {
            kind: Punctuation(
                PunctuationSymbol {
                    kind: Colon,
                    is_composed: false,
                },
            ),
            span: Span(
                Span {
                    src: SourceIdx(
                        0,
                    ),
                    start: 564,
                    end: 565,
                },
            ),
        },
        Token {
            kind: Delimiter(
                Open(
                    Bracket,
                ),
            ),
            span: Span(
                Span {
                    src: SourceIdx(
                        0,
                    ),
                    start: 566,
                    end: 567,
                },
            ),
        },
        Token {
            kind: Identifier(
                "ids",
            ),
            span: Span(
                Span {
                    src: SourceIdx(
                        0,
                    ),
                    start: 567,
                    end: 570,
                },
            ),
        },
        Token {
            kind: Punctuation(
                PunctuationSymbol {
                    kind: Colon,
                    is_composed: true,
                },
            ),
            span: Span(
                Span {
                    src: SourceIdx(
                        0,
                    ),
                    start: 570,
                    end: 571,
                },
            ),
        },
        Token {
            kind: Punctuation(
                PunctuationSymbol {
                    kind: Colon,
                    is_composed: false,
                },
            ),
            span: Span(
                Span {
                    src: SourceIdx(
                        0,
                    ),
                    start: 571,
                    end: 572,
                },
            ),
        },
        Token {
            kind: Identifier(
                "PersonId",
            ),
            span: Span(
                Span {
                    src: SourceIdx(
                        0,
                    ),
                    start: 572,
                    end: 580,
                },
            ),
        },
        Token {
            kind: Delimiter(
                Close(
                    Bracket,
                ),
            ),
            span: Span(
                Span {
                    src: SourceIdx(
                        0,
                    ),
                    start: 580,
                    end: 581,
                },
            ),
        },
        Token {
            kind: Punctuation(
                PunctuationSymbol {
                    kind: Comma,
                    is_composed: false,
                },
            ),
            span: Span(
                Span {
                    src: SourceIdx(
                        0,
                    ),
                    start: 581,
                    end: 582,
                },
            ),
        },
        Token {
            kind: Comment {
                comment: " A sequence of person ids.",
                kind: Line,
            },
            span: Span(
                Span {
                    src: SourceIdx(
                        0,
                    ),
                    start: 584,
                    end: 613,
                },
            ),
        },
        Token {
            kind: Delimiter(
                Close(
                    Brace,
                ),
            ),
            span: Span(
                Span {
                    src: SourceIdx(
                        0,
                    ),
                    start: 613,
                    end: 614,
                },
            ),
        },
        Token {
            kind: Doc {
                doc: " Result type for [`get_person_by_id`].",
                kind: Preceding,
            },
            span: Span(
                Span {
                    src: SourceIdx(
                        0,
                    ),
                    start: 616,
                    end: 658,
                },
            ),
        },
        Token {
            kind: Keyword(
                VARIANT,
            ),
            span: Span(
                Span {
                    src: SourceIdx(
                        0,
                    ),
                    start: 658,
                    end: 665,
                },
            ),
        },
        Token {
            kind: Identifier(
                "GetPersonResult",
            ),
            span: Span(
                Span {
                    src: SourceIdx(
                        0,
                    ),
                    start: 666,
                    end: 681,
                },
            ),
        },
        Token {
            kind: Delimiter(
                Open(
                    Brace,
                ),
            ),
            span: Span(
                Span {
                    src: SourceIdx(
                        0,
                    ),
                    start: 682,
                    end: 683,
                },
            ),
        },
        Token {
            kind: Doc {
                doc: " A person with the provided id cannot be found.",
                kind: Preceding,
            },
            span: Span(
                Span {
                    src: SourceIdx(
                        0,
                    ),
                    start: 688,
                    end: 739,
                },
            ),
        },
        Token {
            kind: Identifier(
                "NotFound",
            ),
            span: Span(
                Span {
                    src: SourceIdx(
                        0,
                    ),
                    start: 743,
                    end: 751,
                },
            ),
        },
        Token {
            kind: Punctuation(
                PunctuationSymbol {
                    kind: Comma,
                    is_composed: false,
                },
            ),
            span: Span(
                Span {
                    src: SourceIdx(
                        0,
                    ),
                    start: 751,
                    end: 752,
                },
            ),
        },
        Token {
            kind: Doc {
                doc: " A person with the provided id has been found.",
                kind: Preceding,
            },
            span: Span(
                Span {
                    src: SourceIdx(
                        0,
                    ),
                    start: 757,
                    end: 807,
                },
            ),
        },
        Token {
            kind: Identifier(
                "Found",
            ),
            span: Span(
                Span {
                    src: SourceIdx(
                        0,
                    ),
                    start: 811,
                    end: 816,
                },
            ),
        },
        Token {
            kind: Punctuation(
                PunctuationSymbol {
                    kind: Colon,
                    is_composed: false,
                },
            ),
            span: Span(
                Span {
                    src: SourceIdx(
                        0,
                    ),
                    start: 816,
                    end: 817,
                },
            ),
        },
        Token {
            kind: Identifier(
                "Person",
            ),
            span: Span(
                Span {
                    src: SourceIdx(
                        0,
                    ),
                    start: 818,
                    end: 824,
                },
            ),
        },
        Token {
            kind: Punctuation(
                PunctuationSymbol {
                    kind: Comma,
                    is_composed: false,
                },
            ),
            span: Span(
                Span {
                    src: SourceIdx(
                        0,
                    ),
                    start: 824,
                    end: 825,
                },
            ),
        },
        Token {
            kind: Delimiter(
                Close(
                    Brace,
                ),
            ),
            span: Span(
                Span {
                    src: SourceIdx(
                        0,
                    ),
                    start: 826,
                    end: 827,
                },
            ),
        },
    ],
)
