---
source: crates/sidex-syntax/src/tokens.rs
expression: result
---
Some(
    [
        Token {
            kind: Identifier(
                Heap(
                    "import",
                ),
            ),
            span: Span(
                Span {
                    src: SourceIdx(
                        0,
                    ),
                    start: 0,
                    end: 6,
                },
            ),
        },
        Token {
            kind: Punctuation(
                PunctuationSymbol {
                    kind: Colon,
                    is_composed: true,
                },
            ),
            span: Span(
                Span {
                    src: SourceIdx(
                        0,
                    ),
                    start: 7,
                    end: 8,
                },
            ),
        },
        Token {
            kind: Punctuation(
                PunctuationSymbol {
                    kind: Colon,
                    is_composed: false,
                },
            ),
            span: Span(
                Span {
                    src: SourceIdx(
                        0,
                    ),
                    start: 8,
                    end: 9,
                },
            ),
        },
        Token {
            kind: Identifier(
                Heap(
                    "data",
                ),
            ),
            span: Span(
                Span {
                    src: SourceIdx(
                        0,
                    ),
                    start: 9,
                    end: 13,
                },
            ),
        },
        Token {
            kind: Punctuation(
                PunctuationSymbol {
                    kind: Colon,
                    is_composed: true,
                },
            ),
            span: Span(
                Span {
                    src: SourceIdx(
                        0,
                    ),
                    start: 13,
                    end: 14,
                },
            ),
        },
        Token {
            kind: Punctuation(
                PunctuationSymbol {
                    kind: Colon,
                    is_composed: false,
                },
            ),
            span: Span(
                Span {
                    src: SourceIdx(
                        0,
                    ),
                    start: 14,
                    end: 15,
                },
            ),
        },
        Token {
            kind: Identifier(
                Heap(
                    "ids",
                ),
            ),
            span: Span(
                Span {
                    src: SourceIdx(
                        0,
                    ),
                    start: 15,
                    end: 18,
                },
            ),
        },
        Token {
            kind: Doc {
                doc: " The main API service.",
                kind: Preceding,
            },
            span: Span(
                Span {
                    src: SourceIdx(
                        0,
                    ),
                    start: 20,
                    end: 46,
                },
            ),
        },
        Token {
            kind: Identifier(
                Heap(
                    "service",
                ),
            ),
            span: Span(
                Span {
                    src: SourceIdx(
                        0,
                    ),
                    start: 46,
                    end: 53,
                },
            ),
        },
        Token {
            kind: Identifier(
                Heap(
                    "ListManager",
                ),
            ),
            span: Span(
                Span {
                    src: SourceIdx(
                        0,
                    ),
                    start: 54,
                    end: 65,
                },
            ),
        },
        Token {
            kind: Delimiter(
                Open(
                    Brace,
                ),
            ),
            span: Span(
                Span {
                    src: SourceIdx(
                        0,
                    ),
                    start: 66,
                    end: 67,
                },
            ),
        },
        Token {
            kind: Doc {
                doc: " Lookup a person by it's id.",
                kind: Preceding,
            },
            span: Span(
                Span {
                    src: SourceIdx(
                        0,
                    ),
                    start: 72,
                    end: 104,
                },
            ),
        },
        Token {
            kind: Identifier(
                Heap(
                    "fun",
                ),
            ),
            span: Span(
                Span {
                    src: SourceIdx(
                        0,
                    ),
                    start: 108,
                    end: 111,
                },
            ),
        },
        Token {
            kind: Identifier(
                Heap(
                    "get_person_by_id",
                ),
            ),
            span: Span(
                Span {
                    src: SourceIdx(
                        0,
                    ),
                    start: 112,
                    end: 128,
                },
            ),
        },
        Token {
            kind: Delimiter(
                Open(
                    Parenthesis,
                ),
            ),
            span: Span(
                Span {
                    src: SourceIdx(
                        0,
                    ),
                    start: 128,
                    end: 129,
                },
            ),
        },
        Token {
            kind: Identifier(
                Heap(
                    "id",
                ),
            ),
            span: Span(
                Span {
                    src: SourceIdx(
                        0,
                    ),
                    start: 129,
                    end: 131,
                },
            ),
        },
        Token {
            kind: Punctuation(
                PunctuationSymbol {
                    kind: Colon,
                    is_composed: false,
                },
            ),
            span: Span(
                Span {
                    src: SourceIdx(
                        0,
                    ),
                    start: 131,
                    end: 132,
                },
            ),
        },
        Token {
            kind: Identifier(
                Heap(
                    "ids",
                ),
            ),
            span: Span(
                Span {
                    src: SourceIdx(
                        0,
                    ),
                    start: 133,
                    end: 136,
                },
            ),
        },
        Token {
            kind: Punctuation(
                PunctuationSymbol {
                    kind: Colon,
                    is_composed: true,
                },
            ),
            span: Span(
                Span {
                    src: SourceIdx(
                        0,
                    ),
                    start: 136,
                    end: 137,
                },
            ),
        },
        Token {
            kind: Punctuation(
                PunctuationSymbol {
                    kind: Colon,
                    is_composed: false,
                },
            ),
            span: Span(
                Span {
                    src: SourceIdx(
                        0,
                    ),
                    start: 137,
                    end: 138,
                },
            ),
        },
        Token {
            kind: Identifier(
                Heap(
                    "PersonId",
                ),
            ),
            span: Span(
                Span {
                    src: SourceIdx(
                        0,
                    ),
                    start: 138,
                    end: 146,
                },
            ),
        },
        Token {
            kind: Delimiter(
                Close(
                    Parenthesis,
                ),
            ),
            span: Span(
                Span {
                    src: SourceIdx(
                        0,
                    ),
                    start: 146,
                    end: 147,
                },
            ),
        },
        Token {
            kind: Punctuation(
                PunctuationSymbol {
                    kind: Minus,
                    is_composed: true,
                },
            ),
            span: Span(
                Span {
                    src: SourceIdx(
                        0,
                    ),
                    start: 148,
                    end: 149,
                },
            ),
        },
        Token {
            kind: Punctuation(
                PunctuationSymbol {
                    kind: AngleClose,
                    is_composed: false,
                },
            ),
            span: Span(
                Span {
                    src: SourceIdx(
                        0,
                    ),
                    start: 149,
                    end: 150,
                },
            ),
        },
        Token {
            kind: Punctuation(
                PunctuationSymbol {
                    kind: Colon,
                    is_composed: true,
                },
            ),
            span: Span(
                Span {
                    src: SourceIdx(
                        0,
                    ),
                    start: 151,
                    end: 152,
                },
            ),
        },
        Token {
            kind: Punctuation(
                PunctuationSymbol {
                    kind: Colon,
                    is_composed: false,
                },
            ),
            span: Span(
                Span {
                    src: SourceIdx(
                        0,
                    ),
                    start: 152,
                    end: 153,
                },
            ),
        },
        Token {
            kind: Identifier(
                Heap(
                    "data",
                ),
            ),
            span: Span(
                Span {
                    src: SourceIdx(
                        0,
                    ),
                    start: 153,
                    end: 157,
                },
            ),
        },
        Token {
            kind: Punctuation(
                PunctuationSymbol {
                    kind: Colon,
                    is_composed: true,
                },
            ),
            span: Span(
                Span {
                    src: SourceIdx(
                        0,
                    ),
                    start: 157,
                    end: 158,
                },
            ),
        },
        Token {
            kind: Punctuation(
                PunctuationSymbol {
                    kind: Colon,
                    is_composed: false,
                },
            ),
            span: Span(
                Span {
                    src: SourceIdx(
                        0,
                    ),
                    start: 158,
                    end: 159,
                },
            ),
        },
        Token {
            kind: Identifier(
                Heap(
                    "person",
                ),
            ),
            span: Span(
                Span {
                    src: SourceIdx(
                        0,
                    ),
                    start: 159,
                    end: 165,
                },
            ),
        },
        Token {
            kind: Punctuation(
                PunctuationSymbol {
                    kind: Colon,
                    is_composed: true,
                },
            ),
            span: Span(
                Span {
                    src: SourceIdx(
                        0,
                    ),
                    start: 165,
                    end: 166,
                },
            ),
        },
        Token {
            kind: Punctuation(
                PunctuationSymbol {
                    kind: Colon,
                    is_composed: false,
                },
            ),
            span: Span(
                Span {
                    src: SourceIdx(
                        0,
                    ),
                    start: 166,
                    end: 167,
                },
            ),
        },
        Token {
            kind: Identifier(
                Heap(
                    "GetPersonResult",
                ),
            ),
            span: Span(
                Span {
                    src: SourceIdx(
                        0,
                    ),
                    start: 167,
                    end: 182,
                },
            ),
        },
        Token {
            kind: Doc {
                doc: " Change completion status.",
                kind: Preceding,
            },
            span: Span(
                Span {
                    src: SourceIdx(
                        0,
                    ),
                    start: 188,
                    end: 218,
                },
            ),
        },
        Token {
            kind: Identifier(
                Heap(
                    "fun",
                ),
            ),
            span: Span(
                Span {
                    src: SourceIdx(
                        0,
                    ),
                    start: 222,
                    end: 225,
                },
            ),
        },
        Token {
            kind: Identifier(
                Heap(
                    "set_completed",
                ),
            ),
            span: Span(
                Span {
                    src: SourceIdx(
                        0,
                    ),
                    start: 226,
                    end: 239,
                },
            ),
        },
        Token {
            kind: Delimiter(
                Open(
                    Parenthesis,
                ),
            ),
            span: Span(
                Span {
                    src: SourceIdx(
                        0,
                    ),
                    start: 239,
                    end: 240,
                },
            ),
        },
        Token {
            kind: Identifier(
                Heap(
                    "id",
                ),
            ),
            span: Span(
                Span {
                    src: SourceIdx(
                        0,
                    ),
                    start: 240,
                    end: 242,
                },
            ),
        },
        Token {
            kind: Punctuation(
                PunctuationSymbol {
                    kind: Colon,
                    is_composed: false,
                },
            ),
            span: Span(
                Span {
                    src: SourceIdx(
                        0,
                    ),
                    start: 242,
                    end: 243,
                },
            ),
        },
        Token {
            kind: Identifier(
                Heap(
                    "ids",
                ),
            ),
            span: Span(
                Span {
                    src: SourceIdx(
                        0,
                    ),
                    start: 244,
                    end: 247,
                },
            ),
        },
        Token {
            kind: Punctuation(
                PunctuationSymbol {
                    kind: Colon,
                    is_composed: true,
                },
            ),
            span: Span(
                Span {
                    src: SourceIdx(
                        0,
                    ),
                    start: 247,
                    end: 248,
                },
            ),
        },
        Token {
            kind: Punctuation(
                PunctuationSymbol {
                    kind: Colon,
                    is_composed: false,
                },
            ),
            span: Span(
                Span {
                    src: SourceIdx(
                        0,
                    ),
                    start: 248,
                    end: 249,
                },
            ),
        },
        Token {
            kind: Identifier(
                Heap(
                    "TaskId",
                ),
            ),
            span: Span(
                Span {
                    src: SourceIdx(
                        0,
                    ),
                    start: 249,
                    end: 255,
                },
            ),
        },
        Token {
            kind: Punctuation(
                PunctuationSymbol {
                    kind: Comma,
                    is_composed: false,
                },
            ),
            span: Span(
                Span {
                    src: SourceIdx(
                        0,
                    ),
                    start: 255,
                    end: 256,
                },
            ),
        },
        Token {
            kind: Identifier(
                Heap(
                    "completed",
                ),
            ),
            span: Span(
                Span {
                    src: SourceIdx(
                        0,
                    ),
                    start: 257,
                    end: 266,
                },
            ),
        },
        Token {
            kind: Punctuation(
                PunctuationSymbol {
                    kind: QuestionMark,
                    is_composed: true,
                },
            ),
            span: Span(
                Span {
                    src: SourceIdx(
                        0,
                    ),
                    start: 266,
                    end: 267,
                },
            ),
        },
        Token {
            kind: Punctuation(
                PunctuationSymbol {
                    kind: Colon,
                    is_composed: false,
                },
            ),
            span: Span(
                Span {
                    src: SourceIdx(
                        0,
                    ),
                    start: 267,
                    end: 268,
                },
            ),
        },
        Token {
            kind: Identifier(
                Heap(
                    "bool",
                ),
            ),
            span: Span(
                Span {
                    src: SourceIdx(
                        0,
                    ),
                    start: 269,
                    end: 273,
                },
            ),
        },
        Token {
            kind: Delimiter(
                Close(
                    Parenthesis,
                ),
            ),
            span: Span(
                Span {
                    src: SourceIdx(
                        0,
                    ),
                    start: 273,
                    end: 274,
                },
            ),
        },
        Token {
            kind: Delimiter(
                Close(
                    Brace,
                ),
            ),
            span: Span(
                Span {
                    src: SourceIdx(
                        0,
                    ),
                    start: 275,
                    end: 276,
                },
            ),
        },
    ],
)
