---
source: crates/sidex-syntax/src/tokens.rs
expression: result
---
(
    Some(
        [
            Token {
                kind: Doc {
                    doc: " Data structures for tasks.",
                    kind: Inline,
                },
                span: Span {
                    src: SourceId(
                        0,
                    ),
                    range: 0..31,
                },
            },
            Token {
                kind: Keyword(
                    IMPORT,
                ),
                span: Span {
                    src: SourceId(
                        0,
                    ),
                    range: 32..38,
                },
            },
            Token {
                kind: Identifier(
                    "ids",
                ),
                span: Span {
                    src: SourceId(
                        0,
                    ),
                    range: 39..42,
                },
            },
            Token {
                kind: Punctuation(
                    PunctuationSymbol {
                        kind: Colon,
                        is_composed: true,
                    },
                ),
                span: Span {
                    src: SourceId(
                        0,
                    ),
                    range: 42..43,
                },
            },
            Token {
                kind: Punctuation(
                    PunctuationSymbol {
                        kind: Colon,
                        is_composed: false,
                    },
                ),
                span: Span {
                    src: SourceId(
                        0,
                    ),
                    range: 43..44,
                },
            },
            Token {
                kind: Identifier(
                    "PersonId",
                ),
                span: Span {
                    src: SourceId(
                        0,
                    ),
                    range: 44..52,
                },
            },
            Token {
                kind: Doc {
                    doc: " The status of a task.",
                    kind: Preceding,
                },
                span: Span {
                    src: SourceId(
                        0,
                    ),
                    range: 54..80,
                },
            },
            Token {
                kind: Keyword(
                    ENUM,
                ),
                span: Span {
                    src: SourceId(
                        0,
                    ),
                    range: 80..84,
                },
            },
            Token {
                kind: Identifier(
                    "Status",
                ),
                span: Span {
                    src: SourceId(
                        0,
                    ),
                    range: 85..91,
                },
            },
            Token {
                kind: Delimiter(
                    Open(
                        Brace,
                    ),
                ),
                span: Span {
                    src: SourceId(
                        0,
                    ),
                    range: 92..93,
                },
            },
            Token {
                kind: Doc {
                    doc: " The task is still pending.",
                    kind: Preceding,
                },
                span: Span {
                    src: SourceId(
                        0,
                    ),
                    range: 98..129,
                },
            },
            Token {
                kind: Identifier(
                    "Pending",
                ),
                span: Span {
                    src: SourceId(
                        0,
                    ),
                    range: 133..140,
                },
            },
            Token {
                kind: Punctuation(
                    PunctuationSymbol {
                        kind: Comma,
                        is_composed: false,
                    },
                ),
                span: Span {
                    src: SourceId(
                        0,
                    ),
                    range: 140..141,
                },
            },
            Token {
                kind: Doc {
                    doc: " The task is currently in progress.",
                    kind: Preceding,
                },
                span: Span {
                    src: SourceId(
                        0,
                    ),
                    range: 146..185,
                },
            },
            Token {
                kind: Identifier(
                    "InProgress",
                ),
                span: Span {
                    src: SourceId(
                        0,
                    ),
                    range: 189..199,
                },
            },
            Token {
                kind: Punctuation(
                    PunctuationSymbol {
                        kind: Comma,
                        is_composed: false,
                    },
                ),
                span: Span {
                    src: SourceId(
                        0,
                    ),
                    range: 199..200,
                },
            },
            Token {
                kind: Doc {
                    doc: " The task has been completed.",
                    kind: Preceding,
                },
                span: Span {
                    src: SourceId(
                        0,
                    ),
                    range: 205..238,
                },
            },
            Token {
                kind: Identifier(
                    "Done",
                ),
                span: Span {
                    src: SourceId(
                        0,
                    ),
                    range: 242..246,
                },
            },
            Token {
                kind: Punctuation(
                    PunctuationSymbol {
                        kind: Comma,
                        is_composed: false,
                    },
                ),
                span: Span {
                    src: SourceId(
                        0,
                    ),
                    range: 246..247,
                },
            },
            Token {
                kind: Delimiter(
                    Close(
                        Brace,
                    ),
                ),
                span: Span {
                    src: SourceId(
                        0,
                    ),
                    range: 248..249,
                },
            },
            Token {
                kind: Doc {
                    doc: " A task.",
                    kind: Preceding,
                },
                span: Span {
                    src: SourceId(
                        0,
                    ),
                    range: 251..263,
                },
            },
            Token {
                kind: Keyword(
                    STRUCT,
                ),
                span: Span {
                    src: SourceId(
                        0,
                    ),
                    range: 263..269,
                },
            },
            Token {
                kind: Identifier(
                    "Task",
                ),
                span: Span {
                    src: SourceId(
                        0,
                    ),
                    range: 270..274,
                },
            },
            Token {
                kind: Delimiter(
                    Open(
                        Brace,
                    ),
                ),
                span: Span {
                    src: SourceId(
                        0,
                    ),
                    range: 275..276,
                },
            },
            Token {
                kind: Doc {
                    doc: " The name of the task.",
                    kind: Preceding,
                },
                span: Span {
                    src: SourceId(
                        0,
                    ),
                    range: 281..307,
                },
            },
            Token {
                kind: Identifier(
                    "name",
                ),
                span: Span {
                    src: SourceId(
                        0,
                    ),
                    range: 311..315,
                },
            },
            Token {
                kind: Punctuation(
                    PunctuationSymbol {
                        kind: Colon,
                        is_composed: false,
                    },
                ),
                span: Span {
                    src: SourceId(
                        0,
                    ),
                    range: 315..316,
                },
            },
            Token {
                kind: Identifier(
                    "string",
                ),
                span: Span {
                    src: SourceId(
                        0,
                    ),
                    range: 317..323,
                },
            },
            Token {
                kind: Punctuation(
                    PunctuationSymbol {
                        kind: Comma,
                        is_composed: false,
                    },
                ),
                span: Span {
                    src: SourceId(
                        0,
                    ),
                    range: 323..324,
                },
            },
            Token {
                kind: Doc {
                    doc: " The status of the task.",
                    kind: Preceding,
                },
                span: Span {
                    src: SourceId(
                        0,
                    ),
                    range: 329..357,
                },
            },
            Token {
                kind: Identifier(
                    "status",
                ),
                span: Span {
                    src: SourceId(
                        0,
                    ),
                    range: 361..367,
                },
            },
            Token {
                kind: Punctuation(
                    PunctuationSymbol {
                        kind: Colon,
                        is_composed: false,
                    },
                ),
                span: Span {
                    src: SourceId(
                        0,
                    ),
                    range: 367..368,
                },
            },
            Token {
                kind: Identifier(
                    "Status",
                ),
                span: Span {
                    src: SourceId(
                        0,
                    ),
                    range: 369..375,
                },
            },
            Token {
                kind: Punctuation(
                    PunctuationSymbol {
                        kind: Comma,
                        is_composed: false,
                    },
                ),
                span: Span {
                    src: SourceId(
                        0,
                    ),
                    range: 375..376,
                },
            },
            Token {
                kind: Doc {
                    doc: " An optional description of the task.",
                    kind: Preceding,
                },
                span: Span {
                    src: SourceId(
                        0,
                    ),
                    range: 381..422,
                },
            },
            Token {
                kind: Identifier(
                    "description",
                ),
                span: Span {
                    src: SourceId(
                        0,
                    ),
                    range: 426..437,
                },
            },
            Token {
                kind: Punctuation(
                    PunctuationSymbol {
                        kind: QuestionMark,
                        is_composed: true,
                    },
                ),
                span: Span {
                    src: SourceId(
                        0,
                    ),
                    range: 437..438,
                },
            },
            Token {
                kind: Punctuation(
                    PunctuationSymbol {
                        kind: Colon,
                        is_composed: false,
                    },
                ),
                span: Span {
                    src: SourceId(
                        0,
                    ),
                    range: 438..439,
                },
            },
            Token {
                kind: Identifier(
                    "string",
                ),
                span: Span {
                    src: SourceId(
                        0,
                    ),
                    range: 440..446,
                },
            },
            Token {
                kind: Punctuation(
                    PunctuationSymbol {
                        kind: Comma,
                        is_composed: false,
                    },
                ),
                span: Span {
                    src: SourceId(
                        0,
                    ),
                    range: 446..447,
                },
            },
            Token {
                kind: Doc {
                    doc: " An optional person assigned to the task.",
                    kind: Preceding,
                },
                span: Span {
                    src: SourceId(
                        0,
                    ),
                    range: 456..501,
                },
            },
            Token {
                kind: Identifier(
                    "assigned",
                ),
                span: Span {
                    src: SourceId(
                        0,
                    ),
                    range: 505..513,
                },
            },
            Token {
                kind: Punctuation(
                    PunctuationSymbol {
                        kind: QuestionMark,
                        is_composed: true,
                    },
                ),
                span: Span {
                    src: SourceId(
                        0,
                    ),
                    range: 513..514,
                },
            },
            Token {
                kind: Punctuation(
                    PunctuationSymbol {
                        kind: Colon,
                        is_composed: false,
                    },
                ),
                span: Span {
                    src: SourceId(
                        0,
                    ),
                    range: 514..515,
                },
            },
            Token {
                kind: Identifier(
                    "PersonId",
                ),
                span: Span {
                    src: SourceId(
                        0,
                    ),
                    range: 516..524,
                },
            },
            Token {
                kind: Punctuation(
                    PunctuationSymbol {
                        kind: Comma,
                        is_composed: false,
                    },
                ),
                span: Span {
                    src: SourceId(
                        0,
                    ),
                    range: 524..525,
                },
            },
            Token {
                kind: Delimiter(
                    Close(
                        Brace,
                    ),
                ),
                span: Span {
                    src: SourceId(
                        0,
                    ),
                    range: 526..527,
                },
            },
        ],
    ),
    [],
)
