---
source: crates/sidex-syntax/src/tokens.rs
expression: result
---
(
    Some(
        [
            Token {
                kind: Doc {
                    doc: " Identifiers used across the application.",
                    kind: Inline,
                },
                span: Span {
                    src: SourceId(
                        0,
                    ),
                    range: 0..45,
                },
            },
            Token {
                kind: Doc {
                    doc: " An *universally unique identifier* (UUID).",
                    kind: Preceding,
                },
                span: Span {
                    src: SourceId(
                        0,
                    ),
                    range: 46..93,
                },
            },
            Token {
                kind: Punctuation(
                    PunctuationSymbol {
                        kind: Hash,
                        is_composed: false,
                    },
                ),
                span: Span {
                    src: SourceId(
                        0,
                    ),
                    range: 93..94,
                },
            },
            Token {
                kind: Delimiter(
                    Open(
                        Bracket,
                    ),
                ),
                span: Span {
                    src: SourceId(
                        0,
                    ),
                    range: 94..95,
                },
            },
            Token {
                kind: Identifier(
                    "rust",
                ),
                span: Span {
                    src: SourceId(
                        0,
                    ),
                    range: 95..99,
                },
            },
            Token {
                kind: Delimiter(
                    Open(
                        Parenthesis,
                    ),
                ),
                span: Span {
                    src: SourceId(
                        0,
                    ),
                    range: 99..100,
                },
            },
            Token {
                kind: Identifier(
                    "type",
                ),
                span: Span {
                    src: SourceId(
                        0,
                    ),
                    range: 100..104,
                },
            },
            Token {
                kind: Punctuation(
                    PunctuationSymbol {
                        kind: Equals,
                        is_composed: false,
                    },
                ),
                span: Span {
                    src: SourceId(
                        0,
                    ),
                    range: 105..106,
                },
            },
            Token {
                kind: Literal(
                    String(
                        "::uuid::Uuid",
                    ),
                ),
                span: Span {
                    src: SourceId(
                        0,
                    ),
                    range: 107..121,
                },
            },
            Token {
                kind: Delimiter(
                    Close(
                        Parenthesis,
                    ),
                ),
                span: Span {
                    src: SourceId(
                        0,
                    ),
                    range: 121..122,
                },
            },
            Token {
                kind: Delimiter(
                    Close(
                        Bracket,
                    ),
                ),
                span: Span {
                    src: SourceId(
                        0,
                    ),
                    range: 122..123,
                },
            },
            Token {
                kind: Punctuation(
                    PunctuationSymbol {
                        kind: Hash,
                        is_composed: false,
                    },
                ),
                span: Span {
                    src: SourceId(
                        0,
                    ),
                    range: 124..125,
                },
            },
            Token {
                kind: Delimiter(
                    Open(
                        Bracket,
                    ),
                ),
                span: Span {
                    src: SourceId(
                        0,
                    ),
                    range: 125..126,
                },
            },
            Token {
                kind: Identifier(
                    "json",
                ),
                span: Span {
                    src: SourceId(
                        0,
                    ),
                    range: 126..130,
                },
            },
            Token {
                kind: Delimiter(
                    Open(
                        Parenthesis,
                    ),
                ),
                span: Span {
                    src: SourceId(
                        0,
                    ),
                    range: 130..131,
                },
            },
            Token {
                kind: Identifier(
                    "type",
                ),
                span: Span {
                    src: SourceId(
                        0,
                    ),
                    range: 131..135,
                },
            },
            Token {
                kind: Punctuation(
                    PunctuationSymbol {
                        kind: Equals,
                        is_composed: false,
                    },
                ),
                span: Span {
                    src: SourceId(
                        0,
                    ),
                    range: 136..137,
                },
            },
            Token {
                kind: Literal(
                    String(
                        "string",
                    ),
                ),
                span: Span {
                    src: SourceId(
                        0,
                    ),
                    range: 138..146,
                },
            },
            Token {
                kind: Delimiter(
                    Close(
                        Parenthesis,
                    ),
                ),
                span: Span {
                    src: SourceId(
                        0,
                    ),
                    range: 146..147,
                },
            },
            Token {
                kind: Delimiter(
                    Close(
                        Bracket,
                    ),
                ),
                span: Span {
                    src: SourceId(
                        0,
                    ),
                    range: 147..148,
                },
            },
            Token {
                kind: Keyword(
                    OPAQUE,
                ),
                span: Span {
                    src: SourceId(
                        0,
                    ),
                    range: 149..155,
                },
            },
            Token {
                kind: Identifier(
                    "Uuid",
                ),
                span: Span {
                    src: SourceId(
                        0,
                    ),
                    range: 156..160,
                },
            },
            Token {
                kind: Comment {
                    comment: " This is an opaque user-defined type.",
                    kind: Line,
                },
                span: Span {
                    src: SourceId(
                        0,
                    ),
                    range: 162..202,
                },
            },
            Token {
                kind: Doc {
                    doc: " An *unique identifier* for a person.",
                    kind: Preceding,
                },
                span: Span {
                    src: SourceId(
                        0,
                    ),
                    range: 203..244,
                },
            },
            Token {
                kind: Keyword(
                    WRAPPER,
                ),
                span: Span {
                    src: SourceId(
                        0,
                    ),
                    range: 244..251,
                },
            },
            Token {
                kind: Identifier(
                    "PersonId",
                ),
                span: Span {
                    src: SourceId(
                        0,
                    ),
                    range: 252..260,
                },
            },
            Token {
                kind: Punctuation(
                    PunctuationSymbol {
                        kind: Colon,
                        is_composed: false,
                    },
                ),
                span: Span {
                    src: SourceId(
                        0,
                    ),
                    range: 260..261,
                },
            },
            Token {
                kind: Identifier(
                    "Uuid",
                ),
                span: Span {
                    src: SourceId(
                        0,
                    ),
                    range: 262..266,
                },
            },
            Token {
                kind: Comment {
                    comment: " This is a wrapper type.",
                    kind: Line,
                },
                span: Span {
                    src: SourceId(
                        0,
                    ),
                    range: 268..295,
                },
            },
        ],
    ),
    [],
)
