---
source: crates/sidex-syntax/src/tokens.rs
expression: result
---
(
    Some(
        [
            Token {
                kind: Doc {
                    doc: " An *universally unique identifier*.",
                    kind: Preceding,
                },
                span: Span {
                    src: SourceId(
                        0,
                    ),
                    range: 0..40,
                },
            },
            Token {
                kind: Keyword(
                    OPAQUE,
                ),
                span: Span {
                    src: SourceId(
                        0,
                    ),
                    range: 40..46,
                },
            },
            Token {
                kind: Identifier(
                    "Uuid",
                ),
                span: Span {
                    src: SourceId(
                        0,
                    ),
                    range: 47..51,
                },
            },
            Token {
                kind: Comment {
                    comment: " This is an opaque user-defined type.",
                    kind: Line,
                },
                span: Span {
                    src: SourceId(
                        0,
                    ),
                    range: 53..93,
                },
            },
            Token {
                kind: Doc {
                    doc: " An *unique identifier* for a person.",
                    kind: Preceding,
                },
                span: Span {
                    src: SourceId(
                        0,
                    ),
                    range: 94..135,
                },
            },
            Token {
                kind: Keyword(
                    ALIAS,
                ),
                span: Span {
                    src: SourceId(
                        0,
                    ),
                    range: 135..140,
                },
            },
            Token {
                kind: Identifier(
                    "PersonId",
                ),
                span: Span {
                    src: SourceId(
                        0,
                    ),
                    range: 141..149,
                },
            },
            Token {
                kind: Punctuation(
                    PunctuationSymbol {
                        kind: Colon,
                        is_composed: false,
                    },
                ),
                span: Span {
                    src: SourceId(
                        0,
                    ),
                    range: 149..150,
                },
            },
            Token {
                kind: Identifier(
                    "Uuid",
                ),
                span: Span {
                    src: SourceId(
                        0,
                    ),
                    range: 151..155,
                },
            },
            Token {
                kind: Comment {
                    comment: " This is a type alias.",
                    kind: Line,
                },
                span: Span {
                    src: SourceId(
                        0,
                    ),
                    range: 157..182,
                },
            },
        ],
    ),
    [],
)
