---
source: crates/sidex-syntax/src/parser.rs
expression: result
---
Some(
    Schema {
        attrs: [],
        docs: Docs(
            [
                Node {
                    inner: " Identifiers used across the application.",
                    span: Span {
                        src: SourceId(
                            0,
                        ),
                        range: 0..45,
                    },
                },
            ],
        ),
        items: [
            Def(
                Def {
                    name: Identifier(
                        Node {
                            inner: "Uuid",
                            span: Span {
                                src: SourceId(
                                    0,
                                ),
                                range: 156..160,
                            },
                        },
                    ),
                    docs: Docs(
                        [
                            Node {
                                inner: " An *universally unique identifier* (UUID).",
                                span: Span {
                                    src: SourceId(
                                        0,
                                    ),
                                    range: 46..93,
                                },
                            },
                        ],
                    ),
                    vars: [],
                    attrs: [
                        Attr {
                            name: Identifier(
                                Node {
                                    inner: "rust",
                                    span: Span {
                                        src: SourceId(
                                            0,
                                        ),
                                        range: 95..99,
                                    },
                                },
                            ),
                            args: Some(
                                TokenStream(
                                    [
                                        Token {
                                            kind: Identifier(
                                                "type",
                                            ),
                                            span: Span {
                                                src: SourceId(
                                                    0,
                                                ),
                                                range: 100..104,
                                            },
                                        },
                                        Token {
                                            kind: Punctuation(
                                                PunctuationSymbol {
                                                    kind: Equals,
                                                    is_composed: false,
                                                },
                                            ),
                                            span: Span {
                                                src: SourceId(
                                                    0,
                                                ),
                                                range: 105..106,
                                            },
                                        },
                                        Token {
                                            kind: Literal(
                                                String(
                                                    "::uuid::Uuid",
                                                ),
                                            ),
                                            span: Span {
                                                src: SourceId(
                                                    0,
                                                ),
                                                range: 107..121,
                                            },
                                        },
                                    ],
                                ),
                            ),
                        },
                        Attr {
                            name: Identifier(
                                Node {
                                    inner: "json",
                                    span: Span {
                                        src: SourceId(
                                            0,
                                        ),
                                        range: 126..130,
                                    },
                                },
                            ),
                            args: Some(
                                TokenStream(
                                    [
                                        Token {
                                            kind: Identifier(
                                                "type",
                                            ),
                                            span: Span {
                                                src: SourceId(
                                                    0,
                                                ),
                                                range: 131..135,
                                            },
                                        },
                                        Token {
                                            kind: Punctuation(
                                                PunctuationSymbol {
                                                    kind: Equals,
                                                    is_composed: false,
                                                },
                                            ),
                                            span: Span {
                                                src: SourceId(
                                                    0,
                                                ),
                                                range: 136..137,
                                            },
                                        },
                                        Token {
                                            kind: Literal(
                                                String(
                                                    "string",
                                                ),
                                            ),
                                            span: Span {
                                                src: SourceId(
                                                    0,
                                                ),
                                                range: 138..146,
                                            },
                                        },
                                    ],
                                ),
                            ),
                        },
                    ],
                    kind: OpaqueType(
                        OpaqueTypeDef,
                    ),
                },
            ),
            Def(
                Def {
                    name: Identifier(
                        Node {
                            inner: "PersonId",
                            span: Span {
                                src: SourceId(
                                    0,
                                ),
                                range: 252..260,
                            },
                        },
                    ),
                    docs: Docs(
                        [
                            Node {
                                inner: " An *unique identifier* for a person.",
                                span: Span {
                                    src: SourceId(
                                        0,
                                    ),
                                    range: 203..244,
                                },
                            },
                        ],
                    ),
                    vars: [],
                    attrs: [],
                    kind: WrapperType(
                        WrapperTypeDef {
                            wrapped: Instance(
                                InstanceTypeExpr {
                                    path: Path {
                                        segments: [
                                            Identifier(
                                                Node {
                                                    inner: "Uuid",
                                                    span: Span {
                                                        src: SourceId(
                                                            0,
                                                        ),
                                                        range: 262..266,
                                                    },
                                                },
                                            ),
                                        ],
                                        is_absolute: false,
                                    },
                                    subst: [],
                                },
                            ),
                        },
                    ),
                },
            ),
        ],
    },
)
