---
source: crates/sidex-syntax/src/tokens.rs
expression: result
---
Some(
    [
        Token {
            kind: Identifier(
                Heap(
                    "interface",
                ),
            ),
            span: Span(
                Span {
                    src: SourceIdx(
                        0,
                    ),
                    start: 2,
                    end: 11,
                },
            ),
        },
        Token {
            kind: Identifier(
                Heap(
                    "TodoApi",
                ),
            ),
            span: Span(
                Span {
                    src: SourceIdx(
                        0,
                    ),
                    start: 12,
                    end: 19,
                },
            ),
        },
        Token {
            kind: Delimiter(
                Open(
                    Brace,
                ),
            ),
            span: Span(
                Span {
                    src: SourceIdx(
                        0,
                    ),
                    start: 20,
                    end: 21,
                },
            ),
        },
        Token {
            kind: Delimiter(
                Close(
                    Brace,
                ),
            ),
            span: Span(
                Span {
                    src: SourceIdx(
                        0,
                    ),
                    start: 27,
                    end: 28,
                },
            ),
        },
    ],
)
