---
source: crates/sidex-syntax/src/parser.rs
expression: result
---
Some(
    Schema {
        attrs: [],
        docs: Docs(
            [],
        ),
        items: [
            Import(
                Import {
                    tree: Path(
                        Path {
                            segments: [
                                Identifier(
                                    Node {
                                        inner: Heap(
                                            "data",
                                        ),
                                        span: Span(
                                            Span {
                                                src: SourceIdx(
                                                    0,
                                                ),
                                                start: 9,
                                                end: 13,
                                            },
                                        ),
                                    },
                                ),
                                Identifier(
                                    Node {
                                        inner: Heap(
                                            "ids",
                                        ),
                                        span: Span(
                                            Span {
                                                src: SourceIdx(
                                                    0,
                                                ),
                                                start: 15,
                                                end: 18,
                                            },
                                        ),
                                    },
                                ),
                            ],
                            is_absolute: true,
                        },
                    ),
                },
            ),
            Def(
                Def {
                    name: Identifier(
                        Node {
                            inner: Heap(
                                "ListManager",
                            ),
                            span: Span(
                                Span {
                                    src: SourceIdx(
                                        0,
                                    ),
                                    start: 54,
                                    end: 65,
                                },
                            ),
                        },
                    ),
                    docs: Docs(
                        [
                            Node {
                                inner: " The main API service.",
                                span: Span(
                                    Span {
                                        src: SourceIdx(
                                            0,
                                        ),
                                        start: 20,
                                        end: 46,
                                    },
                                ),
                            },
                        ],
                    ),
                    vars: [],
                    attrs: [],
                    kind: Service(
                        ServiceDef {
                            methods: [
                                Method {
                                    name: Identifier(
                                        Node {
                                            inner: Heap(
                                                "get_person_by_id",
                                            ),
                                            span: Span(
                                                Span {
                                                    src: SourceIdx(
                                                        0,
                                                    ),
                                                    start: 112,
                                                    end: 128,
                                                },
                                            ),
                                        },
                                    ),
                                    docs: Docs(
                                        [
                                            Node {
                                                inner: " Lookup a person by it's id.",
                                                span: Span(
                                                    Span {
                                                        src: SourceIdx(
                                                            0,
                                                        ),
                                                        start: 72,
                                                        end: 104,
                                                    },
                                                ),
                                            },
                                        ],
                                    ),
                                    attrs: [],
                                    params: [
                                        MethodParam {
                                            name: Identifier(
                                                Node {
                                                    inner: Heap(
                                                        "id",
                                                    ),
                                                    span: Span(
                                                        Span {
                                                            src: SourceIdx(
                                                                0,
                                                            ),
                                                            start: 129,
                                                            end: 131,
                                                        },
                                                    ),
                                                },
                                            ),
                                            typ: Instance(
                                                InstanceTypeExpr {
                                                    path: Path {
                                                        segments: [
                                                            Identifier(
                                                                Node {
                                                                    inner: Heap(
                                                                        "ids",
                                                                    ),
                                                                    span: Span(
                                                                        Span {
                                                                            src: SourceIdx(
                                                                                0,
                                                                            ),
                                                                            start: 133,
                                                                            end: 136,
                                                                        },
                                                                    ),
                                                                },
                                                            ),
                                                            Identifier(
                                                                Node {
                                                                    inner: Heap(
                                                                        "PersonId",
                                                                    ),
                                                                    span: Span(
                                                                        Span {
                                                                            src: SourceIdx(
                                                                                0,
                                                                            ),
                                                                            start: 138,
                                                                            end: 146,
                                                                        },
                                                                    ),
                                                                },
                                                            ),
                                                        ],
                                                        is_absolute: false,
                                                    },
                                                    subst: [],
                                                },
                                            ),
                                            is_optional: false,
                                        },
                                    ],
                                    returns: Some(
                                        Instance(
                                            InstanceTypeExpr {
                                                path: Path {
                                                    segments: [
                                                        Identifier(
                                                            Node {
                                                                inner: Heap(
                                                                    "data",
                                                                ),
                                                                span: Span(
                                                                    Span {
                                                                        src: SourceIdx(
                                                                            0,
                                                                        ),
                                                                        start: 153,
                                                                        end: 157,
                                                                    },
                                                                ),
                                                            },
                                                        ),
                                                        Identifier(
                                                            Node {
                                                                inner: Heap(
                                                                    "person",
                                                                ),
                                                                span: Span(
                                                                    Span {
                                                                        src: SourceIdx(
                                                                            0,
                                                                        ),
                                                                        start: 159,
                                                                        end: 165,
                                                                    },
                                                                ),
                                                            },
                                                        ),
                                                        Identifier(
                                                            Node {
                                                                inner: Heap(
                                                                    "GetPersonResult",
                                                                ),
                                                                span: Span(
                                                                    Span {
                                                                        src: SourceIdx(
                                                                            0,
                                                                        ),
                                                                        start: 167,
                                                                        end: 182,
                                                                    },
                                                                ),
                                                            },
                                                        ),
                                                    ],
                                                    is_absolute: true,
                                                },
                                                subst: [],
                                            },
                                        ),
                                    ),
                                },
                                Method {
                                    name: Identifier(
                                        Node {
                                            inner: Heap(
                                                "set_completed",
                                            ),
                                            span: Span(
                                                Span {
                                                    src: SourceIdx(
                                                        0,
                                                    ),
                                                    start: 226,
                                                    end: 239,
                                                },
                                            ),
                                        },
                                    ),
                                    docs: Docs(
                                        [
                                            Node {
                                                inner: " Change completion status.",
                                                span: Span(
                                                    Span {
                                                        src: SourceIdx(
                                                            0,
                                                        ),
                                                        start: 188,
                                                        end: 218,
                                                    },
                                                ),
                                            },
                                        ],
                                    ),
                                    attrs: [],
                                    params: [
                                        MethodParam {
                                            name: Identifier(
                                                Node {
                                                    inner: Heap(
                                                        "id",
                                                    ),
                                                    span: Span(
                                                        Span {
                                                            src: SourceIdx(
                                                                0,
                                                            ),
                                                            start: 240,
                                                            end: 242,
                                                        },
                                                    ),
                                                },
                                            ),
                                            typ: Instance(
                                                InstanceTypeExpr {
                                                    path: Path {
                                                        segments: [
                                                            Identifier(
                                                                Node {
                                                                    inner: Heap(
                                                                        "ids",
                                                                    ),
                                                                    span: Span(
                                                                        Span {
                                                                            src: SourceIdx(
                                                                                0,
                                                                            ),
                                                                            start: 244,
                                                                            end: 247,
                                                                        },
                                                                    ),
                                                                },
                                                            ),
                                                            Identifier(
                                                                Node {
                                                                    inner: Heap(
                                                                        "TaskId",
                                                                    ),
                                                                    span: Span(
                                                                        Span {
                                                                            src: SourceIdx(
                                                                                0,
                                                                            ),
                                                                            start: 249,
                                                                            end: 255,
                                                                        },
                                                                    ),
                                                                },
                                                            ),
                                                        ],
                                                        is_absolute: false,
                                                    },
                                                    subst: [],
                                                },
                                            ),
                                            is_optional: false,
                                        },
                                        MethodParam {
                                            name: Identifier(
                                                Node {
                                                    inner: Heap(
                                                        "completed",
                                                    ),
                                                    span: Span(
                                                        Span {
                                                            src: SourceIdx(
                                                                0,
                                                            ),
                                                            start: 257,
                                                            end: 266,
                                                        },
                                                    ),
                                                },
                                            ),
                                            typ: Instance(
                                                InstanceTypeExpr {
                                                    path: Path {
                                                        segments: [
                                                            Identifier(
                                                                Node {
                                                                    inner: Heap(
                                                                        "bool",
                                                                    ),
                                                                    span: Span(
                                                                        Span {
                                                                            src: SourceIdx(
                                                                                0,
                                                                            ),
                                                                            start: 269,
                                                                            end: 273,
                                                                        },
                                                                    ),
                                                                },
                                                            ),
                                                        ],
                                                        is_absolute: false,
                                                    },
                                                    subst: [],
                                                },
                                            ),
                                            is_optional: true,
                                        },
                                    ],
                                    returns: None,
                                },
                            ],
                        },
                    ),
                },
            ),
        ],
    },
)
