---
source: crates/sidex-syntax/src/parser.rs
expression: result
---
Some(
    Schema {
        attrs: [],
        docs: Docs(
            [
                Node {
                    inner: " Identifiers used across the application.",
                    span: Span(
                        Span {
                            src: SourceIdx(
                                0,
                            ),
                            start: 0,
                            end: 45,
                        },
                    ),
                },
            ],
        ),
        items: [
            Def(
                Def {
                    name: Identifier(
                        Node {
                            inner: "Uuid",
                            span: Span(
                                Span {
                                    src: SourceIdx(
                                        0,
                                    ),
                                    start: 156,
                                    end: 160,
                                },
                            ),
                        },
                    ),
                    docs: Docs(
                        [
                            Node {
                                inner: " An *universally unique identifier* (UUID).",
                                span: Span(
                                    Span {
                                        src: SourceIdx(
                                            0,
                                        ),
                                        start: 46,
                                        end: 93,
                                    },
                                ),
                            },
                        ],
                    ),
                    vars: [],
                    attrs: [
                        Attr {
                            kind: List(
                                AttrList {
                                    path: Path {
                                        segments: [
                                            Identifier(
                                                Node {
                                                    inner: "rust",
                                                    span: Span(
                                                        Span {
                                                            src: SourceIdx(
                                                                0,
                                                            ),
                                                            start: 95,
                                                            end: 99,
                                                        },
                                                    ),
                                                },
                                            ),
                                        ],
                                        is_absolute: false,
                                    },
                                    elements: [
                                        Attr {
                                            kind: Assign(
                                                AttrAssign {
                                                    path: Path {
                                                        segments: [
                                                            Identifier(
                                                                Node {
                                                                    inner: "type",
                                                                    span: Span(
                                                                        Span {
                                                                            src: SourceIdx(
                                                                                0,
                                                                            ),
                                                                            start: 100,
                                                                            end: 104,
                                                                        },
                                                                    ),
                                                                },
                                                            ),
                                                        ],
                                                        is_absolute: false,
                                                    },
                                                    value: Attr {
                                                        kind: Tokens(
                                                            TokenStream(
                                                                [
                                                                    Token {
                                                                        kind: Literal(
                                                                            String(
                                                                                "::uuid::Uuid",
                                                                            ),
                                                                        ),
                                                                        span: Span(
                                                                            Span {
                                                                                src: SourceIdx(
                                                                                    0,
                                                                                ),
                                                                                start: 107,
                                                                                end: 121,
                                                                            },
                                                                        ),
                                                                    },
                                                                ],
                                                            ),
                                                        ),
                                                    },
                                                },
                                            ),
                                        },
                                    ],
                                },
                            ),
                        },
                        Attr {
                            kind: List(
                                AttrList {
                                    path: Path {
                                        segments: [
                                            Identifier(
                                                Node {
                                                    inner: "json",
                                                    span: Span(
                                                        Span {
                                                            src: SourceIdx(
                                                                0,
                                                            ),
                                                            start: 126,
                                                            end: 130,
                                                        },
                                                    ),
                                                },
                                            ),
                                        ],
                                        is_absolute: false,
                                    },
                                    elements: [
                                        Attr {
                                            kind: Assign(
                                                AttrAssign {
                                                    path: Path {
                                                        segments: [
                                                            Identifier(
                                                                Node {
                                                                    inner: "type",
                                                                    span: Span(
                                                                        Span {
                                                                            src: SourceIdx(
                                                                                0,
                                                                            ),
                                                                            start: 131,
                                                                            end: 135,
                                                                        },
                                                                    ),
                                                                },
                                                            ),
                                                        ],
                                                        is_absolute: false,
                                                    },
                                                    value: Attr {
                                                        kind: Tokens(
                                                            TokenStream(
                                                                [
                                                                    Token {
                                                                        kind: Literal(
                                                                            String(
                                                                                "string",
                                                                            ),
                                                                        ),
                                                                        span: Span(
                                                                            Span {
                                                                                src: SourceIdx(
                                                                                    0,
                                                                                ),
                                                                                start: 138,
                                                                                end: 146,
                                                                            },
                                                                        ),
                                                                    },
                                                                ],
                                                            ),
                                                        ),
                                                    },
                                                },
                                            ),
                                        },
                                    ],
                                },
                            ),
                        },
                    ],
                    kind: OpaqueType(
                        OpaqueTypeDef,
                    ),
                },
            ),
            Def(
                Def {
                    name: Identifier(
                        Node {
                            inner: "PersonId",
                            span: Span(
                                Span {
                                    src: SourceIdx(
                                        0,
                                    ),
                                    start: 250,
                                    end: 258,
                                },
                            ),
                        },
                    ),
                    docs: Docs(
                        [
                            Node {
                                inner: " An unique identifier for a person.",
                                span: Span(
                                    Span {
                                        src: SourceIdx(
                                            0,
                                        ),
                                        start: 203,
                                        end: 242,
                                    },
                                ),
                            },
                        ],
                    ),
                    vars: [],
                    attrs: [],
                    kind: WrapperType(
                        WrapperTypeDef {
                            wrapped: Instance(
                                InstanceTypeExpr {
                                    path: Path {
                                        segments: [
                                            Identifier(
                                                Node {
                                                    inner: "Uuid",
                                                    span: Span(
                                                        Span {
                                                            src: SourceIdx(
                                                                0,
                                                            ),
                                                            start: 260,
                                                            end: 264,
                                                        },
                                                    ),
                                                },
                                            ),
                                        ],
                                        is_absolute: false,
                                    },
                                    subst: [],
                                },
                            ),
                        },
                    ),
                },
            ),
            Def(
                Def {
                    name: Identifier(
                        Node {
                            inner: "TaskId",
                            span: Span(
                                Span {
                                    src: SourceIdx(
                                        0,
                                    ),
                                    start: 338,
                                    end: 344,
                                },
                            ),
                        },
                    ),
                    docs: Docs(
                        [
                            Node {
                                inner: " A unique identifier for a task.",
                                span: Span(
                                    Span {
                                        src: SourceIdx(
                                            0,
                                        ),
                                        start: 294,
                                        end: 330,
                                    },
                                ),
                            },
                        ],
                    ),
                    vars: [],
                    attrs: [],
                    kind: WrapperType(
                        WrapperTypeDef {
                            wrapped: Instance(
                                InstanceTypeExpr {
                                    path: Path {
                                        segments: [
                                            Identifier(
                                                Node {
                                                    inner: "Uuid",
                                                    span: Span(
                                                        Span {
                                                            src: SourceIdx(
                                                                0,
                                                            ),
                                                            start: 346,
                                                            end: 350,
                                                        },
                                                    ),
                                                },
                                            ),
                                        ],
                                        is_absolute: false,
                                    },
                                    subst: [],
                                },
                            ),
                        },
                    ),
                },
            ),
        ],
    },
)
