---
source: crates/sidex-syntax/src/tokens.rs
expression: result
---
Some(
    [
        Token {
            kind: Doc {
                doc: " Data structures for tasks.",
                kind: Inline,
            },
            span: Span(
                Span {
                    src: SourceIdx(
                        0,
                    ),
                    start: 0,
                    end: 31,
                },
            ),
        },
        Token {
            kind: Keyword(
                IMPORT,
            ),
            span: Span(
                Span {
                    src: SourceIdx(
                        0,
                    ),
                    start: 32,
                    end: 38,
                },
            ),
        },
        Token {
            kind: Identifier(
                "ids",
            ),
            span: Span(
                Span {
                    src: SourceIdx(
                        0,
                    ),
                    start: 39,
                    end: 42,
                },
            ),
        },
        Token {
            kind: Punctuation(
                PunctuationSymbol {
                    kind: Colon,
                    is_composed: true,
                },
            ),
            span: Span(
                Span {
                    src: SourceIdx(
                        0,
                    ),
                    start: 42,
                    end: 43,
                },
            ),
        },
        Token {
            kind: Punctuation(
                PunctuationSymbol {
                    kind: Colon,
                    is_composed: false,
                },
            ),
            span: Span(
                Span {
                    src: SourceIdx(
                        0,
                    ),
                    start: 43,
                    end: 44,
                },
            ),
        },
        Token {
            kind: Identifier(
                "PersonId",
            ),
            span: Span(
                Span {
                    src: SourceIdx(
                        0,
                    ),
                    start: 44,
                    end: 52,
                },
            ),
        },
        Token {
            kind: Doc {
                doc: " The status of a task.",
                kind: Preceding,
            },
            span: Span(
                Span {
                    src: SourceIdx(
                        0,
                    ),
                    start: 54,
                    end: 80,
                },
            ),
        },
        Token {
            kind: Punctuation(
                PunctuationSymbol {
                    kind: Hash,
                    is_composed: false,
                },
            ),
            span: Span(
                Span {
                    src: SourceIdx(
                        0,
                    ),
                    start: 80,
                    end: 81,
                },
            ),
        },
        Token {
            kind: Delimiter(
                Open(
                    Bracket,
                ),
            ),
            span: Span(
                Span {
                    src: SourceIdx(
                        0,
                    ),
                    start: 81,
                    end: 82,
                },
            ),
        },
        Token {
            kind: Identifier(
                "json",
            ),
            span: Span(
                Span {
                    src: SourceIdx(
                        0,
                    ),
                    start: 82,
                    end: 86,
                },
            ),
        },
        Token {
            kind: Delimiter(
                Open(
                    Parenthesis,
                ),
            ),
            span: Span(
                Span {
                    src: SourceIdx(
                        0,
                    ),
                    start: 86,
                    end: 87,
                },
            ),
        },
        Token {
            kind: Identifier(
                "tagged",
            ),
            span: Span(
                Span {
                    src: SourceIdx(
                        0,
                    ),
                    start: 87,
                    end: 93,
                },
            ),
        },
        Token {
            kind: Punctuation(
                PunctuationSymbol {
                    kind: Equals,
                    is_composed: false,
                },
            ),
            span: Span(
                Span {
                    src: SourceIdx(
                        0,
                    ),
                    start: 94,
                    end: 95,
                },
            ),
        },
        Token {
            kind: Identifier(
                "externally",
            ),
            span: Span(
                Span {
                    src: SourceIdx(
                        0,
                    ),
                    start: 96,
                    end: 106,
                },
            ),
        },
        Token {
            kind: Delimiter(
                Close(
                    Parenthesis,
                ),
            ),
            span: Span(
                Span {
                    src: SourceIdx(
                        0,
                    ),
                    start: 106,
                    end: 107,
                },
            ),
        },
        Token {
            kind: Delimiter(
                Close(
                    Bracket,
                ),
            ),
            span: Span(
                Span {
                    src: SourceIdx(
                        0,
                    ),
                    start: 107,
                    end: 108,
                },
            ),
        },
        Token {
            kind: Keyword(
                VARIANT,
            ),
            span: Span(
                Span {
                    src: SourceIdx(
                        0,
                    ),
                    start: 109,
                    end: 116,
                },
            ),
        },
        Token {
            kind: Identifier(
                "Status",
            ),
            span: Span(
                Span {
                    src: SourceIdx(
                        0,
                    ),
                    start: 117,
                    end: 123,
                },
            ),
        },
        Token {
            kind: Delimiter(
                Open(
                    Brace,
                ),
            ),
            span: Span(
                Span {
                    src: SourceIdx(
                        0,
                    ),
                    start: 124,
                    end: 125,
                },
            ),
        },
        Token {
            kind: Doc {
                doc: " The task is still pending.",
                kind: Preceding,
            },
            span: Span(
                Span {
                    src: SourceIdx(
                        0,
                    ),
                    start: 130,
                    end: 161,
                },
            ),
        },
        Token {
            kind: Identifier(
                "Pending",
            ),
            span: Span(
                Span {
                    src: SourceIdx(
                        0,
                    ),
                    start: 165,
                    end: 172,
                },
            ),
        },
        Token {
            kind: Punctuation(
                PunctuationSymbol {
                    kind: Comma,
                    is_composed: false,
                },
            ),
            span: Span(
                Span {
                    src: SourceIdx(
                        0,
                    ),
                    start: 172,
                    end: 173,
                },
            ),
        },
        Token {
            kind: Doc {
                doc: " The task is currently in progress.",
                kind: Preceding,
            },
            span: Span(
                Span {
                    src: SourceIdx(
                        0,
                    ),
                    start: 178,
                    end: 217,
                },
            ),
        },
        Token {
            kind: Identifier(
                "InProgress",
            ),
            span: Span(
                Span {
                    src: SourceIdx(
                        0,
                    ),
                    start: 221,
                    end: 231,
                },
            ),
        },
        Token {
            kind: Punctuation(
                PunctuationSymbol {
                    kind: Comma,
                    is_composed: false,
                },
            ),
            span: Span(
                Span {
                    src: SourceIdx(
                        0,
                    ),
                    start: 231,
                    end: 232,
                },
            ),
        },
        Token {
            kind: Doc {
                doc: " The task has been completed.",
                kind: Preceding,
            },
            span: Span(
                Span {
                    src: SourceIdx(
                        0,
                    ),
                    start: 237,
                    end: 270,
                },
            ),
        },
        Token {
            kind: Identifier(
                "Done",
            ),
            span: Span(
                Span {
                    src: SourceIdx(
                        0,
                    ),
                    start: 274,
                    end: 278,
                },
            ),
        },
        Token {
            kind: Punctuation(
                PunctuationSymbol {
                    kind: Comma,
                    is_composed: false,
                },
            ),
            span: Span(
                Span {
                    src: SourceIdx(
                        0,
                    ),
                    start: 278,
                    end: 279,
                },
            ),
        },
        Token {
            kind: Delimiter(
                Close(
                    Brace,
                ),
            ),
            span: Span(
                Span {
                    src: SourceIdx(
                        0,
                    ),
                    start: 280,
                    end: 281,
                },
            ),
        },
        Token {
            kind: Doc {
                doc: " A task.",
                kind: Preceding,
            },
            span: Span(
                Span {
                    src: SourceIdx(
                        0,
                    ),
                    start: 283,
                    end: 295,
                },
            ),
        },
        Token {
            kind: Keyword(
                RECORD,
            ),
            span: Span(
                Span {
                    src: SourceIdx(
                        0,
                    ),
                    start: 295,
                    end: 301,
                },
            ),
        },
        Token {
            kind: Identifier(
                "Task",
            ),
            span: Span(
                Span {
                    src: SourceIdx(
                        0,
                    ),
                    start: 302,
                    end: 306,
                },
            ),
        },
        Token {
            kind: Delimiter(
                Open(
                    Brace,
                ),
            ),
            span: Span(
                Span {
                    src: SourceIdx(
                        0,
                    ),
                    start: 307,
                    end: 308,
                },
            ),
        },
        Token {
            kind: Doc {
                doc: " The name of the task.",
                kind: Preceding,
            },
            span: Span(
                Span {
                    src: SourceIdx(
                        0,
                    ),
                    start: 313,
                    end: 339,
                },
            ),
        },
        Token {
            kind: Identifier(
                "name",
            ),
            span: Span(
                Span {
                    src: SourceIdx(
                        0,
                    ),
                    start: 343,
                    end: 347,
                },
            ),
        },
        Token {
            kind: Punctuation(
                PunctuationSymbol {
                    kind: Colon,
                    is_composed: false,
                },
            ),
            span: Span(
                Span {
                    src: SourceIdx(
                        0,
                    ),
                    start: 347,
                    end: 348,
                },
            ),
        },
        Token {
            kind: Identifier(
                "string",
            ),
            span: Span(
                Span {
                    src: SourceIdx(
                        0,
                    ),
                    start: 349,
                    end: 355,
                },
            ),
        },
        Token {
            kind: Punctuation(
                PunctuationSymbol {
                    kind: Comma,
                    is_composed: false,
                },
            ),
            span: Span(
                Span {
                    src: SourceIdx(
                        0,
                    ),
                    start: 355,
                    end: 356,
                },
            ),
        },
        Token {
            kind: Doc {
                doc: " The status of the task.",
                kind: Preceding,
            },
            span: Span(
                Span {
                    src: SourceIdx(
                        0,
                    ),
                    start: 361,
                    end: 389,
                },
            ),
        },
        Token {
            kind: Identifier(
                "status",
            ),
            span: Span(
                Span {
                    src: SourceIdx(
                        0,
                    ),
                    start: 393,
                    end: 399,
                },
            ),
        },
        Token {
            kind: Punctuation(
                PunctuationSymbol {
                    kind: Colon,
                    is_composed: false,
                },
            ),
            span: Span(
                Span {
                    src: SourceIdx(
                        0,
                    ),
                    start: 399,
                    end: 400,
                },
            ),
        },
        Token {
            kind: Identifier(
                "Status",
            ),
            span: Span(
                Span {
                    src: SourceIdx(
                        0,
                    ),
                    start: 401,
                    end: 407,
                },
            ),
        },
        Token {
            kind: Punctuation(
                PunctuationSymbol {
                    kind: Comma,
                    is_composed: false,
                },
            ),
            span: Span(
                Span {
                    src: SourceIdx(
                        0,
                    ),
                    start: 407,
                    end: 408,
                },
            ),
        },
        Token {
            kind: Doc {
                doc: " An optional description of the task.",
                kind: Preceding,
            },
            span: Span(
                Span {
                    src: SourceIdx(
                        0,
                    ),
                    start: 413,
                    end: 454,
                },
            ),
        },
        Token {
            kind: Identifier(
                "description",
            ),
            span: Span(
                Span {
                    src: SourceIdx(
                        0,
                    ),
                    start: 458,
                    end: 469,
                },
            ),
        },
        Token {
            kind: Punctuation(
                PunctuationSymbol {
                    kind: QuestionMark,
                    is_composed: true,
                },
            ),
            span: Span(
                Span {
                    src: SourceIdx(
                        0,
                    ),
                    start: 469,
                    end: 470,
                },
            ),
        },
        Token {
            kind: Punctuation(
                PunctuationSymbol {
                    kind: Colon,
                    is_composed: false,
                },
            ),
            span: Span(
                Span {
                    src: SourceIdx(
                        0,
                    ),
                    start: 470,
                    end: 471,
                },
            ),
        },
        Token {
            kind: Identifier(
                "string",
            ),
            span: Span(
                Span {
                    src: SourceIdx(
                        0,
                    ),
                    start: 472,
                    end: 478,
                },
            ),
        },
        Token {
            kind: Punctuation(
                PunctuationSymbol {
                    kind: Comma,
                    is_composed: false,
                },
            ),
            span: Span(
                Span {
                    src: SourceIdx(
                        0,
                    ),
                    start: 478,
                    end: 479,
                },
            ),
        },
        Token {
            kind: Doc {
                doc: " An optional person assigned to the task.",
                kind: Preceding,
            },
            span: Span(
                Span {
                    src: SourceIdx(
                        0,
                    ),
                    start: 488,
                    end: 533,
                },
            ),
        },
        Token {
            kind: Identifier(
                "assigned_to",
            ),
            span: Span(
                Span {
                    src: SourceIdx(
                        0,
                    ),
                    start: 537,
                    end: 548,
                },
            ),
        },
        Token {
            kind: Punctuation(
                PunctuationSymbol {
                    kind: QuestionMark,
                    is_composed: true,
                },
            ),
            span: Span(
                Span {
                    src: SourceIdx(
                        0,
                    ),
                    start: 548,
                    end: 549,
                },
            ),
        },
        Token {
            kind: Punctuation(
                PunctuationSymbol {
                    kind: Colon,
                    is_composed: false,
                },
            ),
            span: Span(
                Span {
                    src: SourceIdx(
                        0,
                    ),
                    start: 549,
                    end: 550,
                },
            ),
        },
        Token {
            kind: Identifier(
                "PersonId",
            ),
            span: Span(
                Span {
                    src: SourceIdx(
                        0,
                    ),
                    start: 551,
                    end: 559,
                },
            ),
        },
        Token {
            kind: Punctuation(
                PunctuationSymbol {
                    kind: Comma,
                    is_composed: false,
                },
            ),
            span: Span(
                Span {
                    src: SourceIdx(
                        0,
                    ),
                    start: 559,
                    end: 560,
                },
            ),
        },
        Token {
            kind: Delimiter(
                Close(
                    Brace,
                ),
            ),
            span: Span(
                Span {
                    src: SourceIdx(
                        0,
                    ),
                    start: 561,
                    end: 562,
                },
            ),
        },
    ],
)
