---
source: crates/sidex-syntax/src/parser.rs
expression: result
---
Some(
    Schema {
        attrs: [],
        docs: Docs(
            [],
        ),
        items: [
            Def(
                Def {
                    name: Identifier(
                        Node {
                            inner: Heap(
                                "TodoApi",
                            ),
                            span: Span(
                                Span {
                                    src: SourceIdx(
                                        0,
                                    ),
                                    start: 12,
                                    end: 19,
                                },
                            ),
                        },
                    ),
                    docs: Docs(
                        [],
                    ),
                    vars: [],
                    attrs: [],
                    kind: Service(
                        ServiceDef {
                            methods: [],
                        },
                    ),
                },
            ),
        ],
    },
)
