---
source: crates/sidex-syntax/src/parser.rs
expression: result
---
Some(
    Schema {
        attrs: [],
        docs: Docs(
            [
                Node {
                    inner: " Identifiers used across the application.",
                    span: Span(
                        Span {
                            src: SourceIdx(
                                0,
                            ),
                            start: 0,
                            end: 45,
                        },
                    ),
                },
            ],
        ),
        items: [
            Def(
                Def {
                    name: Identifier(
                        Node {
                            inner: Heap(
                                "Uuid",
                            ),
                            span: Span(
                                Span {
                                    src: SourceIdx(
                                        0,
                                    ),
                                    start: 156,
                                    end: 160,
                                },
                            ),
                        },
                    ),
                    docs: Docs(
                        [
                            Node {
                                inner: " An *universally unique identifier* (UUID).",
                                span: Span(
                                    Span {
                                        src: SourceIdx(
                                            0,
                                        ),
                                        start: 46,
                                        end: 93,
                                    },
                                ),
                            },
                        ],
                    ),
                    vars: [],
                    attrs: [
                        Attr {
                            kind: List(
                                AttrList {
                                    path: Path {
                                        segments: [
                                            Identifier(
                                                Node {
                                                    inner: Heap(
                                                        "rust",
                                                    ),
                                                    span: Span(
                                                        Span {
                                                            src: SourceIdx(
                                                                0,
                                                            ),
                                                            start: 95,
                                                            end: 99,
                                                        },
                                                    ),
                                                },
                                            ),
                                        ],
                                        is_absolute: false,
                                    },
                                    elements: [
                                        Attr {
                                            kind: Assign(
                                                AttrAssign {
                                                    path: Path {
                                                        segments: [
                                                            Identifier(
                                                                Node {
                                                                    inner: Heap(
                                                                        "type",
                                                                    ),
                                                                    span: Span(
                                                                        Span {
                                                                            src: SourceIdx(
                                                                                0,
                                                                            ),
                                                                            start: 100,
                                                                            end: 104,
                                                                        },
                                                                    ),
                                                                },
                                                            ),
                                                        ],
                                                        is_absolute: false,
                                                    },
                                                    value: Attr {
                                                        kind: Tokens(
                                                            TokenStream(
                                                                [
                                                                    Token {
                                                                        kind: Literal(
                                                                            String(
                                                                                "::uuid::Uuid",
                                                                            ),
                                                                        ),
                                                                        span: Span(
                                                                            Span {
                                                                                src: SourceIdx(
                                                                                    0,
                                                                                ),
                                                                                start: 107,
                                                                                end: 121,
                                                                            },
                                                                        ),
                                                                    },
                                                                ],
                                                            ),
                                                        ),
                                                    },
                                                },
                                            ),
                                        },
                                    ],
                                },
                            ),
                        },
                        Attr {
                            kind: List(
                                AttrList {
                                    path: Path {
                                        segments: [
                                            Identifier(
                                                Node {
                                                    inner: Heap(
                                                        "json",
                                                    ),
                                                    span: Span(
                                                        Span {
                                                            src: SourceIdx(
                                                                0,
                                                            ),
                                                            start: 126,
                                                            end: 130,
                                                        },
                                                    ),
                                                },
                                            ),
                                        ],
                                        is_absolute: false,
                                    },
                                    elements: [
                                        Attr {
                                            kind: Assign(
                                                AttrAssign {
                                                    path: Path {
                                                        segments: [
                                                            Identifier(
                                                                Node {
                                                                    inner: Heap(
                                                                        "type",
                                                                    ),
                                                                    span: Span(
                                                                        Span {
                                                                            src: SourceIdx(
                                                                                0,
                                                                            ),
                                                                            start: 131,
                                                                            end: 135,
                                                                        },
                                                                    ),
                                                                },
                                                            ),
                                                        ],
                                                        is_absolute: false,
                                                    },
                                                    value: Attr {
                                                        kind: Tokens(
                                                            TokenStream(
                                                                [
                                                                    Token {
                                                                        kind: Literal(
                                                                            String(
                                                                                "string",
                                                                            ),
                                                                        ),
                                                                        span: Span(
                                                                            Span {
                                                                                src: SourceIdx(
                                                                                    0,
                                                                                ),
                                                                                start: 138,
                                                                                end: 146,
                                                                            },
                                                                        ),
                                                                    },
                                                                ],
                                                            ),
                                                        ),
                                                    },
                                                },
                                            ),
                                        },
                                    ],
                                },
                            ),
                        },
                    ],
                    args: [],
                    kind: OpaqueType(
                        OpaqueTypeDef,
                    ),
                },
            ),
            Def(
                Def {
                    name: Identifier(
                        Node {
                            inner: Heap(
                                "PersonId",
                            ),
                            span: Span(
                                Span {
                                    src: SourceIdx(
                                        0,
                                    ),
                                    start: 287,
                                    end: 295,
                                },
                            ),
                        },
                    ),
                    docs: Docs(
                        [
                            Node {
                                inner: " An unique identifier for a person.",
                                span: Span(
                                    Span {
                                        src: SourceIdx(
                                            0,
                                        ),
                                        start: 203,
                                        end: 242,
                                    },
                                ),
                            },
                        ],
                    ),
                    vars: [],
                    attrs: [
                        Attr {
                            kind: List(
                                AttrList {
                                    path: Path {
                                        segments: [
                                            Identifier(
                                                Node {
                                                    inner: Heap(
                                                        "rust",
                                                    ),
                                                    span: Span(
                                                        Span {
                                                            src: SourceIdx(
                                                                0,
                                                            ),
                                                            start: 244,
                                                            end: 248,
                                                        },
                                                    ),
                                                },
                                            ),
                                        ],
                                        is_absolute: false,
                                    },
                                    elements: [
                                        Attr {
                                            kind: List(
                                                AttrList {
                                                    path: Path {
                                                        segments: [
                                                            Identifier(
                                                                Node {
                                                                    inner: Heap(
                                                                        "derive",
                                                                    ),
                                                                    span: Span(
                                                                        Span {
                                                                            src: SourceIdx(
                                                                                0,
                                                                            ),
                                                                            start: 249,
                                                                            end: 255,
                                                                        },
                                                                    ),
                                                                },
                                                            ),
                                                        ],
                                                        is_absolute: false,
                                                    },
                                                    elements: [
                                                        Attr {
                                                            kind: Path(
                                                                Path {
                                                                    segments: [
                                                                        Identifier(
                                                                            Node {
                                                                                inner: Heap(
                                                                                    "PartialEq",
                                                                                ),
                                                                                span: Span(
                                                                                    Span {
                                                                                        src: SourceIdx(
                                                                                            0,
                                                                                        ),
                                                                                        start: 256,
                                                                                        end: 265,
                                                                                    },
                                                                                ),
                                                                            },
                                                                        ),
                                                                    ],
                                                                    is_absolute: false,
                                                                },
                                                            ),
                                                        },
                                                        Attr {
                                                            kind: Path(
                                                                Path {
                                                                    segments: [
                                                                        Identifier(
                                                                            Node {
                                                                                inner: Heap(
                                                                                    "Eq",
                                                                                ),
                                                                                span: Span(
                                                                                    Span {
                                                                                        src: SourceIdx(
                                                                                            0,
                                                                                        ),
                                                                                        start: 267,
                                                                                        end: 269,
                                                                                    },
                                                                                ),
                                                                            },
                                                                        ),
                                                                    ],
                                                                    is_absolute: false,
                                                                },
                                                            ),
                                                        },
                                                        Attr {
                                                            kind: Path(
                                                                Path {
                                                                    segments: [
                                                                        Identifier(
                                                                            Node {
                                                                                inner: Heap(
                                                                                    "Hash",
                                                                                ),
                                                                                span: Span(
                                                                                    Span {
                                                                                        src: SourceIdx(
                                                                                            0,
                                                                                        ),
                                                                                        start: 271,
                                                                                        end: 275,
                                                                                    },
                                                                                ),
                                                                            },
                                                                        ),
                                                                    ],
                                                                    is_absolute: false,
                                                                },
                                                            ),
                                                        },
                                                    ],
                                                },
                                            ),
                                        },
                                    ],
                                },
                            ),
                        },
                    ],
                    args: [],
                    kind: WrapperType(
                        WrapperTypeDef {
                            wrapped: Instance(
                                InstanceTypeExpr {
                                    path: Path {
                                        segments: [
                                            Identifier(
                                                Node {
                                                    inner: Heap(
                                                        "Uuid",
                                                    ),
                                                    span: Span(
                                                        Span {
                                                            src: SourceIdx(
                                                                0,
                                                            ),
                                                            start: 297,
                                                            end: 301,
                                                        },
                                                    ),
                                                },
                                            ),
                                        ],
                                        is_absolute: false,
                                    },
                                    subst: [],
                                },
                            ),
                        },
                    ),
                },
            ),
            Def(
                Def {
                    name: Identifier(
                        Node {
                            inner: Heap(
                                "TaskId",
                            ),
                            span: Span(
                                Span {
                                    src: SourceIdx(
                                        0,
                                    ),
                                    start: 412,
                                    end: 418,
                                },
                            ),
                        },
                    ),
                    docs: Docs(
                        [
                            Node {
                                inner: " A unique identifier for a task.",
                                span: Span(
                                    Span {
                                        src: SourceIdx(
                                            0,
                                        ),
                                        start: 331,
                                        end: 367,
                                    },
                                ),
                            },
                        ],
                    ),
                    vars: [],
                    attrs: [
                        Attr {
                            kind: List(
                                AttrList {
                                    path: Path {
                                        segments: [
                                            Identifier(
                                                Node {
                                                    inner: Heap(
                                                        "rust",
                                                    ),
                                                    span: Span(
                                                        Span {
                                                            src: SourceIdx(
                                                                0,
                                                            ),
                                                            start: 369,
                                                            end: 373,
                                                        },
                                                    ),
                                                },
                                            ),
                                        ],
                                        is_absolute: false,
                                    },
                                    elements: [
                                        Attr {
                                            kind: List(
                                                AttrList {
                                                    path: Path {
                                                        segments: [
                                                            Identifier(
                                                                Node {
                                                                    inner: Heap(
                                                                        "derive",
                                                                    ),
                                                                    span: Span(
                                                                        Span {
                                                                            src: SourceIdx(
                                                                                0,
                                                                            ),
                                                                            start: 374,
                                                                            end: 380,
                                                                        },
                                                                    ),
                                                                },
                                                            ),
                                                        ],
                                                        is_absolute: false,
                                                    },
                                                    elements: [
                                                        Attr {
                                                            kind: Path(
                                                                Path {
                                                                    segments: [
                                                                        Identifier(
                                                                            Node {
                                                                                inner: Heap(
                                                                                    "PartialEq",
                                                                                ),
                                                                                span: Span(
                                                                                    Span {
                                                                                        src: SourceIdx(
                                                                                            0,
                                                                                        ),
                                                                                        start: 381,
                                                                                        end: 390,
                                                                                    },
                                                                                ),
                                                                            },
                                                                        ),
                                                                    ],
                                                                    is_absolute: false,
                                                                },
                                                            ),
                                                        },
                                                        Attr {
                                                            kind: Path(
                                                                Path {
                                                                    segments: [
                                                                        Identifier(
                                                                            Node {
                                                                                inner: Heap(
                                                                                    "Eq",
                                                                                ),
                                                                                span: Span(
                                                                                    Span {
                                                                                        src: SourceIdx(
                                                                                            0,
                                                                                        ),
                                                                                        start: 392,
                                                                                        end: 394,
                                                                                    },
                                                                                ),
                                                                            },
                                                                        ),
                                                                    ],
                                                                    is_absolute: false,
                                                                },
                                                            ),
                                                        },
                                                        Attr {
                                                            kind: Path(
                                                                Path {
                                                                    segments: [
                                                                        Identifier(
                                                                            Node {
                                                                                inner: Heap(
                                                                                    "Hash",
                                                                                ),
                                                                                span: Span(
                                                                                    Span {
                                                                                        src: SourceIdx(
                                                                                            0,
                                                                                        ),
                                                                                        start: 396,
                                                                                        end: 400,
                                                                                    },
                                                                                ),
                                                                            },
                                                                        ),
                                                                    ],
                                                                    is_absolute: false,
                                                                },
                                                            ),
                                                        },
                                                    ],
                                                },
                                            ),
                                        },
                                    ],
                                },
                            ),
                        },
                    ],
                    args: [],
                    kind: WrapperType(
                        WrapperTypeDef {
                            wrapped: Instance(
                                InstanceTypeExpr {
                                    path: Path {
                                        segments: [
                                            Identifier(
                                                Node {
                                                    inner: Heap(
                                                        "Uuid",
                                                    ),
                                                    span: Span(
                                                        Span {
                                                            src: SourceIdx(
                                                                0,
                                                            ),
                                                            start: 420,
                                                            end: 424,
                                                        },
                                                    ),
                                                },
                                            ),
                                        ],
                                        is_absolute: false,
                                    },
                                    subst: [],
                                },
                            ),
                        },
                    ),
                },
            ),
        ],
    },
)
